Component: ARM Compiler 5.06 update 3 (build 300) Tool: armlink [4d35c9]

==============================================================================

Section Cross References

    stm32f10x.o(STACK) refers (Special) to heapauxi.o(.text) for __use_two_region_memory
    stm32f10x.o(HEAP) refers (Special) to heapauxi.o(.text) for __use_two_region_memory
    stm32f10x.o(RESET) refers (Special) to heapauxi.o(.text) for __use_two_region_memory
    stm32f10x.o(RESET) refers to stm32f10x.o(STACK) for __initial_sp
    stm32f10x.o(RESET) refers to stm32f10x.o(.text) for Reset_Handler
    stm32f10x.o(RESET) refers to timer.o(.text) for TIM3_IRQHandler
    stm32f10x.o(.text) refers (Special) to heapauxi.o(.text) for __use_two_region_memory
    stm32f10x.o(.text) refers to __main.o(!!!main) for __main
    stm32f10x.o(.text) refers to stm32f10x.o(HEAP) for Heap_Mem
    stm32f10x.o(.text) refers to stm32f10x.o(STACK) for Stack_Mem
    test.o(.text) refers to sys.o(.text) for Stm32_Clock_Init
    test.o(.text) refers to delay.o(.text) for delay_init
    test.o(.text) refers to usart.o(.text) for uart_init
    test.o(.text) refers to led.o(.text) for LED_Init
    test.o(.text) refers to guicore.o(.text) for GUI_Init
    test.o(.text) refers to touch.o(.text) for StartTouch
    test.o(.text) refers to gui_setfont.o(.text) for GUI_SetFont
    test.o(.text) refers to timer.o(.text) for Timerx_Init
    test.o(.text) refers to wm_setdesktopcolor.o(.text) for WM_SetDesktopColor
    test.o(.text) refers to wm_setcreateflags.o(.text) for WM_SetCreateFlags
    test.o(.text) refers to ostk.o(.text) for emwindemo_task
    test.o(.text) refers to f8x16.o(.constdata) for GUI_Font8x16
    ostk.o(.text) refers to _printf_percent.o(.ARM.Collect$$_printf_percent$$00000000) for _printf_percent
    ostk.o(.text) refers to _printf_x.o(.ARM.Collect$$_printf_percent$$0000000C) for _printf_x
    ostk.o(.text) refers to _printf_hex_int.o(.text) for _printf_longlong_hex
    ostk.o(.text) refers to _printf_d.o(.ARM.Collect$$_printf_percent$$00000009) for _printf_d
    ostk.o(.text) refers to _printf_dec.o(.text) for _printf_int_dec
    ostk.o(.text) refers to listview_getnumrows.o(.text) for LISTVIEW_GetNumRows
    ostk.o(.text) refers to listview_deleterow.o(.text) for LISTVIEW_DeleteRow
    ostk.o(.text) refers to guitime.o(.text) for GUI_Delay
    ostk.o(.text) refers to noretval__2sprintf.o(.text) for __2sprintf
    ostk.o(.text) refers to listview_setitemtext.o(.text) for LISTVIEW_SetItemText
    ostk.o(.text) refers to listview.o(.text) for LISTVIEW_AddRow
    ostk.o(.text) refers to guicurs.o(.text) for GUI_CURSOR_Show
    ostk.o(.text) refers to gui_setcolor.o(.text) for GUI_SetBkColor
    ostk.o(.text) refers to framewindlg.o(.text) for CreateFramewin
    ostk.o(.text) refers to wm_getdialogitem.o(.text) for WM_GetDialogItem
    ostk.o(.text) refers to gui_exec.o(.text) for GUI_Exec
    ostk.o(.text) refers to ostk.o(.data) for pListHand
    ostk.o(.text) refers to ostk.o(.bss) for sCANBuffData
    framewindlg.o(.text) refers to wm_getdialogitem.o(.text) for WM_GetDialogItem
    framewindlg.o(.text) refers to listview.o(.text) for LISTVIEW_AddColumn
    framewindlg.o(.text) refers to listview_setgridvis.o(.text) for LISTVIEW_SetGridVis
    framewindlg.o(.text) refers to wm_getid.o(.text) for WM_GetId
    framewindlg.o(.text) refers to ostk.o(.text) for Init_List
    framewindlg.o(.text) refers to wm.o(.text) for WM_DefaultProc
    framewindlg.o(.text) refers to wm_getdesktopwindow.o(.text) for WM_GetDesktopWindow
    framewindlg.o(.text) refers to dialog.o(.text) for GUI_CreateDialogBox
    framewindlg.o(.text) refers to framewindlg.o(.constdata) for _aDialogCreate
    framewindlg.o(.constdata) refers to framewin_createindirect.o(.text) for FRAMEWIN_CreateIndirect
    framewindlg.o(.constdata) refers to framewindlg.o(.conststring) for .conststring
    framewindlg.o(.constdata) refers to listview_createindirect.o(.text) for LISTVIEW_CreateIndirect
    framewindlg.o(.constdata) refers to button_createindirect.o(.text) for BUTTON_CreateIndirect
    framewindlg.o(.constdata) refers to text_createindirect.o(.text) for TEXT_CreateIndirect
    framewindlg.o(.constdata) refers to edit_createindirect.o(.text) for EDIT_CreateIndirect
    delay.o(.text) refers to delay.o(.data) for fac_us
    sys.o(.text) refers to sys.o(.emb_text) for WFI_SET
    usart.o(.text) refers (Special) to use_no_semi_2.o(.text) for __use_no_semihosting
    usart.o(.text) refers to fflt_clz.o(x$fpl$ffltu) for __aeabi_ui2f
    usart.o(.text) refers to fdiv.o(x$fpl$fdiv) for __aeabi_fdiv
    usart.o(.text) refers to ffixu.o(x$fpl$ffixu) for __aeabi_f2uiz
    usart.o(.text) refers to faddsub_clz.o(x$fpl$frsb) for __aeabi_frsub
    usart.o(.text) refers to fmul.o(x$fpl$fmul) for __aeabi_fmul
    usart.o(.data) refers (Special) to use_no_semi_2.o(.text) for __use_no_semihosting
    touch.o(.text) refers to delay.o(.text) for delay_us
[...]
    __aeabi_f2uiz                            0x0800efdd   Thumb Code     0  ffixu.o(x$fpl$ffixu)
    _ffixu                                   0x0800efdd   Thumb Code    62  ffixu.o(x$fpl$ffixu)
    __aeabi_ui2f                             0x0800f01d   Thumb Code     0  fflt_clz.o(x$fpl$ffltu)
    _ffltu                                   0x0800f01d   Thumb Code    38  fflt_clz.o(x$fpl$ffltu)
    __aeabi_fmul                             0x0800f045   Thumb Code     0  fmul.o(x$fpl$fmul)
    _fmul                                    0x0800f045   Thumb Code   258  fmul.o(x$fpl$fmul)
    __fpl_fnaninf                            0x0800f147   Thumb Code   140  fnaninf.o(x$fpl$fnaninf)
    __fpl_fretinf                            0x0800f1d3   Thumb Code    10  fretinf.o(x$fpl$fretinf)
    __aeabi_frsub                            0x0800f1dd   Thumb Code     0  faddsub_clz.o(x$fpl$frsb)
    _frsb                                    0x0800f1dd   Thumb Code    20  faddsub_clz.o(x$fpl$frsb)
    __aeabi_fsub                             0x0800f1f1   Thumb Code     0  faddsub_clz.o(x$fpl$fsub)
    _fsub                                    0x0800f1f1   Thumb Code   234  faddsub_clz.o(x$fpl$fsub)
    __I$use$fp                               0x0800f2da   Number         0  usenofp.o(x$fpl$usenofp)
    WIDGET_Effect_3D                         0x0800f3e4   Data          24  widget_effect_3d.o(.constdata)
    GUI_BitmapArrowM                         0x0800f3fc   Data          20  gui_cursorarrowm.o(.constdata)
    GUI_CursorArrowM                         0x0800f410   Data          12  gui_cursorarrowm.o(.constdata)
    GUI_Pixels_ArrowM                        0x0800f41c   Data          60  gui_cursorarrowmpx.o(.constdata)
    GUI_CursorHeaderM                        0x0800f46c   Data          12  gui_cursorheaderm.o(.constdata)
    GUI_PixelsHeaderM                        0x0800f478   Data          85  gui_cursorheadermpx.o(.constdata)
    GUI_CursorPal                            0x0800f4dc   Data          12  gui_cursorpal.o(.constdata)
    GUI__API_TableNone                       0x0800f4e8   Data          16  gui_uc_encodenone.o(.constdata)
    aTan                                     0x0800f51a   Data          34  gui2dlib.o(.constdata)
    LCD_L0_APIList                           0x0800f544   Data          64  lcd_api.o(.constdata)
    LCD_aMirror                              0x0800f584   Data         256  lcd_mirror.o(.constdata)
    GUI_acFont6x8                            0x0800f684   Data        1304  f6x8.o(.constdata)
    GUI_F6x8_TL8859_1                        0x0800fb9c   Data         448  f6x8.o(.constdata)
    GUI_F6x8_TI8859_1                        0x0800fd5c   Data           8  f6x8.o(.constdata)
    GUI_F6x8_Mono                            0x0800fd64   Data          20  f6x8.o(.constdata)
    GUI_Font6x8                              0x0800fd78   Data          32  f6x8.o(.constdata)
    GUI_Font6x9                              0x0800fd98   Data          32  f6x8.o(.constdata)
    acFont8_1_160                            0x0800fdb8   Data           8  f08_1.o(.constdata)
    acFont8_1_161                            0x0800fdc0   Data           8  f08_1.o(.constdata)
    acFont8_1_162                            0x0800fdc8   Data           8  f08_1.o(.constdata)
    acFont8_1_163                            0x0800fdd0   Data           8  f08_1.o(.constdata)
    acFont8_1_164                            0x0800fdd8   Data           8  f08_1.o(.constdata)
    acFont8_1_165                            0x0800fde0   Data           8  f08_1.o(.constdata)
    acFont8_1_166                            0x0800fde8   Data           8  f08_1.o(.constdata)
    acFont8_1_167                            0x0800fdf0   Data           8  f08_1.o(.constdata)
    acFont8_1_168                            0x0800fdf8   Data           8  f08_1.o(.constdata)
    acFont8_1_169                            0x0800fe00   Data           8  f08_1.o(.constdata)
    acFont8_1_170                            0x0800fe08   Data           8  f08_1.o(.constdata)
    acFont8_1_171                            0x0800fe10   Data           8  f08_1.o(.constdata)
    acFont8_1_172                            0x0800fe18   Data           8  f08_1.o(.constdata)
    acFont8_1_173                            0x0800fe20   Data           8  f08_1.o(.constdata)
    acFont8_1_174                            0x0800fe28   Data           8  f08_1.o(.constdata)
    acFont8_1_175                            0x0800fe30   Data           8  f08_1.o(.constdata)
    acFont8_1_176                            0x0800fe38   Data           8  f08_1.o(.constdata)
    acFont8_1_177                            0x0800fe40   Data           8  f08_1.o(.constdata)
    acFont8_1_178                            0x0800fe48   Data           8  f08_1.o(.constdata)
    acFont8_1_179                            0x0800fe50   Data           8  f08_1.o(.constdata)
    acFont8_1_180                            0x0800fe58   Data           8  f08_1.o(.constdata)
    acFont8_1_181                            0x0800fe60   Data           8  f08_1.o(.constdata)
    acFont8_1_182                            0x0800fe68   Data           8  f08_1.o(.constdata)
    acFont8_1_183                            0x0800fe70   Data           8  f08_1.o(.constdata)
    acFont8_1_184                            0x0800fe78   Data           8  f08_1.o(.constdata)
    acFont8_1_185                            0x0800fe80   Data           8  f08_1.o(.constdata)
    acFont8_1_186                            0x0800fe88   Data           8  f08_1.o(.constdata)
    acFont8_1_187                            0x0800fe90   Data           8  f08_1.o(.constdata)
    acFont8_1_188                            0x0800fe98   Data           8  f08_1.o(.constdata)
    acFont8_1_189                            0x0800fea0   Data           8  f08_1.o(.constdata)
    acFont8_1_190                            0x0800fea8   Data           8  f08_1.o(.constdata)
    acFont8_1_191                            0x0800feb0   Data           8  f08_1.o(.constdata)
    acFont8_1_192                            0x0800feb8   Data           8  f08_1.o(.constdata)
    acFont8_1_193                            0x0800fec0   Data           8  f08_1.o(.constdata)
    acFont8_1_194                            0x0800fec8   Data           8  f08_1.o(.constdata)
    acFont8_1_195                            0x0800fed0   Data           8  f08_1.o(.constdata)
    acFont8_1_196                            0x0800fed8   Data           8  f08_1.o(.constdata)
    acFont8_1_197                            0x0800fee0   Data           8  f08_1.o(.constdata)
    acFont8_1_198                            0x0800fee8   Data           8  f08_1.o(.constdata)
    acFont8_1_199                            0x0800fef0   Data           8  f08_1.o(.constdata)
    acFont8_1_200                            0x0800fef8   Data           8  f08_1.o(.constdata)
    acFont8_1_201                            0x0800ff00   Data           8  f08_1.o(.constdata)
    acFont8_1_202                            0x0800ff08   Data           8  f08_1.o(.constdata)
    acFont8_1_203                            0x0800ff10   Data           8  f08_1.o(.constdata)
    acFont8_1_204                            0x0800ff18   Data           8  f08_1.o(.constdata)
    acFont8_1_205                            0x0800ff20   Data           8  f08_1.o(.constdata)
    acFont8_1_206                            0x0800ff28   Data           8  f08_1.o(.constdata)
    acFont8_1_207                            0x0800ff30   Data           8  f08_1.o(.constdata)
    acFont8_1_208                            0x0800ff38   Data           8  f08_1.o(.constdata)
    acFont8_1_209                            0x0800ff40   Data           8  f08_1.o(.constdata)
    acFont8_1_210                            0x0800ff48   Data           8  f08_1.o(.constdata)
    acFont8_1_211                            0x0800ff50   Data           8  f08_1.o(.constdata)
    acFont8_1_212                            0x0800ff58   Data           8  f08_1.o(.constdata)
    acFont8_1_213                            0x0800ff60   Data           8  f08_1.o(.constdata)
    acFont8_1_214                            0x0800ff68   Data           8  f08_1.o(.constdata)
    acFont8_1_215                            0x0800ff70   Data           8  f08_1.o(.constdata)
    acFont8_1_216                            0x0800ff78   Data           8  f08_1.o(.constdata)
    acFont8_1_217                            0x0800ff80   Data           8  f08_1.o(.constdata)
    acFont8_1_218                            0x0800ff88   Data           8  f08_1.o(.constdata)
    acFont8_1_219                            0x0800ff90   Data           8  f08_1.o(.constdata)
    acFont8_1_220                            0x0800ff98   Data           8  f08_1.o(.constdata)
    acFont8_1_221                            0x0800ffa0   Data           8  f08_1.o(.constdata)
    acFont8_1_222                            0x0800ffa8   Data           8  f08_1.o(.constdata)
    acFont8_1_223                            0x0800ffb0   Data           8  f08_1.o(.constdata)
    acFont8_1_224                            0x0800ffb8   Data           8  f08_1.o(.constdata)
    acFont8_1_225                            0x0800ffc0   Data           8  f08_1.o(.constdata)
    acFont8_1_226                            0x0800ffc8   Data           8  f08_1.o(.constdata)
    acFont8_1_227                            0x0800ffd0   Data           8  f08_1.o(.constdata)
    acFont8_1_228                            0x0800ffd8   Data           8  f08_1.o(.constdata)
    acFont8_1_229                            0x0800ffe0   Data           8  f08_1.o(.constdata)
    acFont8_1_230                            0x0800ffe8   Data          16  f08_1.o(.constdata)
    acFont8_1_231                            0x0800fff8   Data           8  f08_1.o(.constdata)
    acFont8_1_232                            0x08010000   Data           8  f08_1.o(.constdata)
    acFont8_1_233                            0x08010008   Data           8  f08_1.o(.constdata)
    acFont8_1_234                            0x08010010   Data           8  f08_1.o(.constdata)
    acFont8_1_235                            0x08010018   Data           8  f08_1.o(.constdata)
    acFont8_1_236                            0x08010020   Data           8  f08_1.o(.constdata)
    acFont8_1_237                            0x08010028   Data           8  f08_1.o(.constdata)
    acFont8_1_238                            0x08010030   Data           8  f08_1.o(.constdata)
    acFont8_1_239                            0x08010038   Data           8  f08_1.o(.constdata)
    acFont8_1_240                            0x08010040   Data           8  f08_1.o(.constdata)
    acFont8_1_241                            0x08010048   Data           8  f08_1.o(.constdata)
    acFont8_1_242                            0x08010050   Data           8  f08_1.o(.constdata)
    acFont8_1_243                            0x08010058   Data           8  f08_1.o(.constdata)
    acFont8_1_244                            0x08010060   Data           8  f08_1.o(.constdata)
    acFont8_1_245                            0x08010068   Data           8  f08_1.o(.constdata)
    acFont8_1_246                            0x08010070   Data           8  f08_1.o(.constdata)
    acFont8_1_247                            0x08010078   Data           8  f08_1.o(.constdata)
    acFont8_1_248                            0x08010080   Data           8  f08_1.o(.constdata)
    acFont8_1_249                            0x08010088   Data           8  f08_1.o(.constdata)
    acFont8_1_250                            0x08010090   Data           8  f08_1.o(.constdata)
    acFont8_1_251                            0x08010098   Data           8  f08_1.o(.constdata)
    acFont8_1_252                            0x080100a0   Data           8  f08_1.o(.constdata)
    acFont8_1_253                            0x080100a8   Data           8  f08_1.o(.constdata)
    acFont8_1_254                            0x080100b0   Data           8  f08_1.o(.constdata)
    acFont8_1_255                            0x080100b8   Data           8  f08_1.o(.constdata)
    Font8_1_CharInfo                         0x080100c0   Data         768  f08_1.o(.constdata)
    GUI_Font8_1_Prop                         0x080103c0   Data          12  f08_1.o(.constdata)
    GUI_Font8_1                              0x080103cc   Data          32  f08_1.o(.constdata)
    acFont8ASCII                             0x080103ec   Data         760  f08_ascii.o(.constdata)
    GUI_Font8_ASCII_CharInfo                 0x080106e4   Data         760  f08_ascii.o(.constdata)
    GUI_Font8ASCII_Prop                      0x080109dc   Data          12  f08_ascii.o(.constdata)
    GUI_Font8_ASCII                          0x080109e8   Data          32  f08_ascii.o(.constdata)
    acFont8x16                               0x08010a08   Data        2608  f8x16.o(.constdata)
    TransList8x16                            0x08011438   Data         448  f8x16.o(.constdata)
    TransInfo8x16                            0x080115f8   Data           8  f8x16.o(.constdata)
    FontMono8x16                             0x08011600   Data          20  f8x16.o(.constdata)
    GUI_Font8x16                             0x08011614   Data          32  f8x16.o(.constdata)
    GUI_Font8x17                             0x08011634   Data          32  f8x16.o(.constdata)
    GUI_Font8x18                             0x08011654   Data          32  f8x16.o(.constdata)
    GUI_Font8x16x1x2                         0x0801169c   Data          32  f8x16.o(.constdata)
    GUI_Font8x16x2x2                         0x080116bc   Data          32  f8x16.o(.constdata)
    GUI_Font8x16x3x3                         0x080116dc   Data          32  f8x16.o(.constdata)
    acFont13_1_00A0                          0x080116fc   Data          13  f13_1.o(.constdata)
    acFont13_1_00A1                          0x08011709   Data          13  f13_1.o(.constdata)
    acFont13_1_00A2                          0x08011716   Data          13  f13_1.o(.constdata)
    acFont13_1_00A3                          0x08011723   Data          13  f13_1.o(.constdata)
    acFont13_1_00A4                          0x08011730   Data          13  f13_1.o(.constdata)
    acFont13_1_00A5                          0x0801173d   Data          13  f13_1.o(.constdata)
    acFont13_1_00A6                          0x0801174a   Data          13  f13_1.o(.constdata)
    acFont13_1_00A7                          0x08011757   Data          13  f13_1.o(.constdata)
    acFont13_1_00A8                          0x08011764   Data          13  f13_1.o(.constdata)
    acFont13_1_00A9                          0x08011771   Data          26  f13_1.o(.constdata)
    acFont13_1_00AA                          0x0801178b   Data          13  f13_1.o(.constdata)
    acFont13_1_00AB                          0x08011798   Data          13  f13_1.o(.constdata)
    acFont13_1_00AC                          0x080117a5   Data          13  f13_1.o(.constdata)
    acFont13_1_00AD                          0x080117b2   Data          13  f13_1.o(.constdata)
    acFont13_1_00AE                          0x080117bf   Data          26  f13_1.o(.constdata)
    acFont13_1_00AF                          0x080117d9   Data          13  f13_1.o(.constdata)
    acFont13_1_00B0                          0x080117e6   Data          13  f13_1.o(.constdata)
    acFont13_1_00B1                          0x080117f3   Data          13  f13_1.o(.constdata)
    acFont13_1_00B2                          0x08011800   Data          13  f13_1.o(.constdata)
    acFont13_1_00B3                          0x0801180d   Data          13  f13_1.o(.constdata)
    acFont13_1_00B4                          0x0801181a   Data          13  f13_1.o(.constdata)
    acFont13_1_00B5                          0x08011827   Data          13  f13_1.o(.constdata)
    acFont13_1_00B6                          0x08011834   Data          13  f13_1.o(.constdata)
    acFont13_1_00B7                          0x08011841   Data          13  f13_1.o(.constdata)
    acFont13_1_00B8                          0x0801184e   Data          13  f13_1.o(.constdata)
    acFont13_1_00B9                          0x0801185b   Data          13  f13_1.o(.constdata)
    acFont13_1_00BA                          0x08011868   Data          13  f13_1.o(.constdata)
    acFont13_1_00BB                          0x08011875   Data          13  f13_1.o(.constdata)
    acFont13_1_00BC                          0x08011882   Data          26  f13_1.o(.constdata)
    acFont13_1_00BD                          0x0801189c   Data          26  f13_1.o(.constdata)
    acFont13_1_00BE                          0x080118b6   Data          26  f13_1.o(.constdata)
    acFont13_1_00BF                          0x080118d0   Data          13  f13_1.o(.constdata)
    acFont13_1_00C0                          0x080118dd   Data          13  f13_1.o(.constdata)
    acFont13_1_00C1                          0x080118ea   Data          13  f13_1.o(.constdata)
    acFont13_1_00C2                          0x080118f7   Data          13  f13_1.o(.constdata)
    acFont13_1_00C3                          0x08011904   Data          13  f13_1.o(.constdata)
    acFont13_1_00C4                          0x08011911   Data          13  f13_1.o(.constdata)
    acFont13_1_00C5                          0x0801191e   Data          13  f13_1.o(.constdata)
    acFont13_1_00C6                          0x0801192b   Data          26  f13_1.o(.constdata)
    acFont13_1_00C7                          0x08011945   Data          13  f13_1.o(.constdata)
    acFont13_1_00C8                          0x08011952   Data          13  f13_1.o(.constdata)
    acFont13_1_00C9                          0x0801195f   Data          13  f13_1.o(.constdata)
    acFont13_1_00CA                          0x0801196c   Data          13  f13_1.o(.constdata)
    acFont13_1_00CB                          0x08011979   Data          13  f13_1.o(.constdata)
    acFont13_1_00CC                          0x08011986   Data          13  f13_1.o(.constdata)
    acFont13_1_00CD                          0x08011993   Data          13  f13_1.o(.constdata)
    acFont13_1_00CE                          0x080119a0   Data          13  f13_1.o(.constdata)
    acFont13_1_00CF                          0x080119ad   Data          13  f13_1.o(.constdata)
    acFont13_1_00D0                          0x080119ba   Data          13  f13_1.o(.constdata)
    acFont13_1_00D1                          0x080119c7   Data          13  f13_1.o(.constdata)
    acFont13_1_00D2                          0x080119d4   Data          13  f13_1.o(.constdata)
    acFont13_1_00D3                          0x080119e1   Data          13  f13_1.o(.constdata)
    acFont13_1_00D4                          0x080119ee   Data          13  f13_1.o(.constdata)
    acFont13_1_00D5                          0x080119fb   Data          13  f13_1.o(.constdata)
    acFont13_1_00D6                          0x08011a08   Data          13  f13_1.o(.constdata)
    acFont13_1_00D7                          0x08011a15   Data          13  f13_1.o(.constdata)
    acFont13_1_00D8                          0x08011a22   Data          13  f13_1.o(.constdata)
    acFont13_1_00D9                          0x08011a2f   Data          13  f13_1.o(.constdata)
    acFont13_1_00DA                          0x08011a3c   Data          13  f13_1.o(.constdata)
    acFont13_1_00DB                          0x08011a49   Data          13  f13_1.o(.constdata)
    acFont13_1_00DC                          0x08011a56   Data          13  f13_1.o(.constdata)
    acFont13_1_00DD                          0x08011a63   Data          13  f13_1.o(.constdata)
    acFont13_1_00DE                          0x08011a70   Data          13  f13_1.o(.constdata)
    acFont13_1_00DF                          0x08011a7d   Data          13  f13_1.o(.constdata)
    acFont13_1_00E0                          0x08011a8a   Data          13  f13_1.o(.constdata)
    acFont13_1_00E1                          0x08011a97   Data          13  f13_1.o(.constdata)
    acFont13_1_00E2                          0x08011aa4   Data          13  f13_1.o(.constdata)
    acFont13_1_00E3                          0x08011ab1   Data          13  f13_1.o(.constdata)
    acFont13_1_00E4                          0x08011abe   Data          13  f13_1.o(.constdata)
    acFont13_1_00E5                          0x08011acb   Data          13  f13_1.o(.constdata)
    acFont13_1_00E6                          0x08011ad8   Data          26  f13_1.o(.constdata)
    acFont13_1_00E7                          0x08011af2   Data          13  f13_1.o(.constdata)
    acFont13_1_00E8                          0x08011aff   Data          13  f13_1.o(.constdata)
    acFont13_1_00E9                          0x08011b0c   Data          13  f13_1.o(.constdata)
    acFont13_1_00EA                          0x08011b19   Data          13  f13_1.o(.constdata)
    acFont13_1_00EB                          0x08011b26   Data          13  f13_1.o(.constdata)
    acFont13_1_00EC                          0x08011b33   Data          13  f13_1.o(.constdata)
    acFont13_1_00ED                          0x08011b40   Data          13  f13_1.o(.constdata)
    acFont13_1_00EE                          0x08011b4d   Data          13  f13_1.o(.constdata)
    acFont13_1_00EF                          0x08011b5a   Data          13  f13_1.o(.constdata)
    acFont13_1_00F0                          0x08011b67   Data          13  f13_1.o(.constdata)
    acFont13_1_00F1                          0x08011b74   Data          13  f13_1.o(.constdata)
    acFont13_1_00F2                          0x08011b81   Data          13  f13_1.o(.constdata)
    acFont13_1_00F3                          0x08011b8e   Data          13  f13_1.o(.constdata)
    acFont13_1_00F4                          0x08011b9b   Data          13  f13_1.o(.constdata)
    acFont13_1_00F5                          0x08011ba8   Data          13  f13_1.o(.constdata)
    acFont13_1_00F6                          0x08011bb5   Data          13  f13_1.o(.constdata)
    acFont13_1_00F7                          0x08011bc2   Data          13  f13_1.o(.constdata)
    acFont13_1_00F8                          0x08011bcf   Data          13  f13_1.o(.constdata)
    acFont13_1_00F9                          0x08011bdc   Data          13  f13_1.o(.constdata)
    acFont13_1_00FA                          0x08011be9   Data          13  f13_1.o(.constdata)
    acFont13_1_00FB                          0x08011bf6   Data          13  f13_1.o(.constdata)
    acFont13_1_00FC                          0x08011c03   Data          13  f13_1.o(.constdata)
    acFont13_1_00FD                          0x08011c10   Data          13  f13_1.o(.constdata)
    acFont13_1_00FE                          0x08011c1d   Data          13  f13_1.o(.constdata)
    acFont13_1_00FF                          0x08011c2a   Data          13  f13_1.o(.constdata)
    GUI_Font13_1_CharInfo                    0x08011c38   Data         768  f13_1.o(.constdata)
    GUI_Font13_1_Prop1                       0x08011f38   Data          12  f13_1.o(.constdata)
    GUI_Font13_1                             0x08011f44   Data          32  f13_1.o(.constdata)
    acFont13ASCII_0020                       0x08011f64   Data          13  f13_ascii.o(.constdata)
    acFont13ASCII_0021                       0x08011f71   Data          13  f13_ascii.o(.constdata)
    acFont13ASCII_0022                       0x08011f7e   Data          13  f13_ascii.o(.constdata)
    acFont13ASCII_0023                       0x08011f8b   Data          13  f13_ascii.o(.constdata)
    acFont13ASCII_0024                       0x08011f98   Data          13  f13_ascii.o(.constdata)
    acFont13ASCII_0025                       0x08011fa5   Data          26  f13_ascii.o(.constdata)
    acFont13ASCII_0026                       0x08011fbf   Data          13  f13_ascii.o(.constdata)
    acFont13ASCII_0027                       0x08011fcc   Data          13  f13_ascii.o(.constdata)
    acFont13ASCII_0028                       0x08011fd9   Data          13  f13_ascii.o(.constdata)
    acFont13ASCII_0029                       0x08011fe6   Data          13  f13_ascii.o(.constdata)
    acFont13ASCII_002A                       0x08011ff3   Data          13  f13_ascii.o(.constdata)
    acFont13ASCII_002B                       0x08012000   Data          13  f13_ascii.o(.constdata)
    acFont13ASCII_002C                       0x0801200d   Data          13  f13_ascii.o(.constdata)
    acFont13ASCII_002D                       0x0801201a   Data          13  f13_ascii.o(.constdata)
    acFont13ASCII_002E                       0x08012027   Data          13  f13_ascii.o(.constdata)
    acFont13ASCII_002F                       0x08012034   Data          13  f13_ascii.o(.constdata)
    acFont13ASCII_0030                       0x08012041   Data          13  f13_ascii.o(.constdata)
    acFont13ASCII_0031                       0x0801204e   Data          13  f13_ascii.o(.constdata)
    acFont13ASCII_0032                       0x0801205b   Data          13  f13_ascii.o(.constdata)
    acFont13ASCII_0033                       0x08012068   Data          13  f13_ascii.o(.constdata)
    acFont13ASCII_0034                       0x08012075   Data          13  f13_ascii.o(.constdata)
    acFont13ASCII_0035                       0x08012082   Data          13  f13_ascii.o(.constdata)
    acFont13ASCII_0036                       0x0801208f   Data          13  f13_ascii.o(.constdata)
    acFont13ASCII_0037                       0x0801209c   Data          13  f13_ascii.o(.constdata)
    acFont13ASCII_0038                       0x080120a9   Data          13  f13_ascii.o(.constdata)
    acFont13ASCII_0039                       0x080120b6   Data          13  f13_ascii.o(.constdata)
    acFont13ASCII_003A                       0x080120c3   Data          13  f13_ascii.o(.constdata)
    acFont13ASCII_003B                       0x080120d0   Data          13  f13_ascii.o(.constdata)
    acFont13ASCII_003C                       0x080120dd   Data          13  f13_ascii.o(.constdata)
    acFont13ASCII_003D                       0x080120ea   Data          13  f13_ascii.o(.constdata)
    acFont13ASCII_003E                       0x080120f7   Data          13  f13_ascii.o(.constdata)
    acFont13ASCII_003F                       0x08012104   Data          13  f13_ascii.o(.constdata)
    acFont13ASCII_0040                       0x08012111   Data          26  f13_ascii.o(.constdata)
    acFont13ASCII_0041                       0x0801212b   Data          13  f13_ascii.o(.constdata)
    acFont13ASCII_0042                       0x08012138   Data          13  f13_ascii.o(.constdata)
    acFont13ASCII_0043                       0x08012145   Data          13  f13_ascii.o(.constdata)
    acFont13ASCII_0044                       0x08012152   Data          13  f13_ascii.o(.constdata)
    acFont13ASCII_0045                       0x0801215f   Data          13  f13_ascii.o(.constdata)
    acFont13ASCII_0046                       0x0801216c   Data          13  f13_ascii.o(.constdata)
    acFont13ASCII_0047                       0x08012179   Data          13  f13_ascii.o(.constdata)
    acFont13ASCII_0048                       0x08012186   Data          13  f13_ascii.o(.constdata)
    acFont13ASCII_0049                       0x08012193   Data          13  f13_ascii.o(.constdata)
    acFont13ASCII_004A                       0x080121a0   Data          13  f13_ascii.o(.constdata)
    acFont13ASCII_004B                       0x080121ad   Data          13  f13_ascii.o(.constdata)
    acFont13ASCII_004C                       0x080121ba   Data          13  f13_ascii.o(.constdata)
    acFont13ASCII_004D                       0x080121c7   Data          13  f13_ascii.o(.constdata)
    acFont13ASCII_004E                       0x080121d4   Data          13  f13_ascii.o(.constdata)
    acFont13ASCII_004F                       0x080121e1   Data          13  f13_ascii.o(.constdata)
    acFont13ASCII_0050                       0x080121ee   Data          13  f13_ascii.o(.constdata)
    acFont13ASCII_0051                       0x080121fb   Data          13  f13_ascii.o(.constdata)
    acFont13ASCII_0052                       0x08012208   Data          13  f13_ascii.o(.constdata)
    acFont13ASCII_0053                       0x08012215   Data          13  f13_ascii.o(.constdata)
    acFont13ASCII_0054                       0x08012222   Data          13  f13_ascii.o(.constdata)
    acFont13ASCII_0055                       0x0801222f   Data          13  f13_ascii.o(.constdata)
    acFont13ASCII_0056                       0x0801223c   Data          13  f13_ascii.o(.constdata)
    acFont13ASCII_0057                       0x08012249   Data          26  f13_ascii.o(.constdata)
    acFont13ASCII_0058                       0x08012263   Data          13  f13_ascii.o(.constdata)
    acFont13ASCII_0059                       0x08012270   Data          13  f13_ascii.o(.constdata)
    acFont13ASCII_005A                       0x0801227d   Data          13  f13_ascii.o(.constdata)
    acFont13ASCII_005B                       0x0801228a   Data          13  f13_ascii.o(.constdata)
    acFont13ASCII_005C                       0x08012297   Data          13  f13_ascii.o(.constdata)
    acFont13ASCII_005D                       0x080122a4   Data          13  f13_ascii.o(.constdata)
    acFont13ASCII_005E                       0x080122b1   Data          13  f13_ascii.o(.constdata)
    acFont13ASCII_005F                       0x080122be   Data          13  f13_ascii.o(.constdata)
    acFont13ASCII_0060                       0x080122cb   Data          13  f13_ascii.o(.constdata)
    acFont13ASCII_0061                       0x080122d8   Data          13  f13_ascii.o(.constdata)
    acFont13ASCII_0062                       0x080122e5   Data          13  f13_ascii.o(.constdata)
    acFont13ASCII_0063                       0x080122f2   Data          13  f13_ascii.o(.constdata)
    acFont13ASCII_0064                       0x080122ff   Data          13  f13_ascii.o(.constdata)
    acFont13ASCII_0065                       0x0801230c   Data          13  f13_ascii.o(.constdata)
    acFont13ASCII_0066                       0x08012319   Data          13  f13_ascii.o(.constdata)
    acFont13ASCII_0067                       0x08012326   Data          13  f13_ascii.o(.constdata)
    acFont13ASCII_0068                       0x08012333   Data          13  f13_ascii.o(.constdata)
    acFont13ASCII_0069                       0x08012340   Data          13  f13_ascii.o(.constdata)
    acFont13ASCII_006A                       0x0801234d   Data          13  f13_ascii.o(.constdata)
    acFont13ASCII_006B                       0x0801235a   Data          13  f13_ascii.o(.constdata)
    acFont13ASCII_006C                       0x08012367   Data          13  f13_ascii.o(.constdata)
    acFont13ASCII_006D                       0x08012374   Data          13  f13_ascii.o(.constdata)
    acFont13ASCII_006E                       0x08012381   Data          13  f13_ascii.o(.constdata)
    acFont13ASCII_006F                       0x0801238e   Data          13  f13_ascii.o(.constdata)
    acFont13ASCII_0070                       0x0801239b   Data          13  f13_ascii.o(.constdata)
    acFont13ASCII_0071                       0x080123a8   Data          13  f13_ascii.o(.constdata)
    acFont13ASCII_0072                       0x080123b5   Data          13  f13_ascii.o(.constdata)
    acFont13ASCII_0073                       0x080123c2   Data          13  f13_ascii.o(.constdata)
    acFont13ASCII_0074                       0x080123cf   Data          13  f13_ascii.o(.constdata)
    acFont13ASCII_0075                       0x080123dc   Data          13  f13_ascii.o(.constdata)
    acFont13ASCII_0076                       0x080123e9   Data          13  f13_ascii.o(.constdata)
    acFont13ASCII_0077                       0x080123f6   Data          13  f13_ascii.o(.constdata)
    acFont13ASCII_0078                       0x08012403   Data          13  f13_ascii.o(.constdata)
    acFont13ASCII_0079                       0x08012410   Data          13  f13_ascii.o(.constdata)
    acFont13ASCII_007A                       0x0801241d   Data          13  f13_ascii.o(.constdata)
    acFont13ASCII_007B                       0x0801242a   Data          13  f13_ascii.o(.constdata)
    acFont13ASCII_007C                       0x08012437   Data          13  f13_ascii.o(.constdata)
    acFont13ASCII_007D                       0x08012444   Data          13  f13_ascii.o(.constdata)
    acFont13ASCII_007E                       0x08012451   Data          13  f13_ascii.o(.constdata)
    GUI_Font13ASCII_CharInfo                 0x08012460   Data         760  f13_ascii.o(.constdata)
    GUI_Font13ASCII_Prop1                    0x08012758   Data          12  f13_ascii.o(.constdata)
    GUI_Font13_ASCII                         0x08012764   Data          32  f13_ascii.o(.constdata)
    asc2_1206                                0x08012784   Data        1140  ili93xx.o(.constdata)
    asc2_1608                                0x08012bf8   Data        1520  ili93xx.o(.constdata)
    GUI_MEMDEV__APIList16                    0x08013208   Data          64  guidev_16.o(.constdata)
    Region$$Table$$Base                      0x080132d8   Number         0  anon$$obj.o(Region$$Table)
    Region$$Table$$Limit                     0x080132f8   Number         0  anon$$obj.o(Region$$Table)
    sEventData                               0x20000000   Data         100  ostk.o(.data)
    pListHand                                0x2000006c   Data           2  ostk.o(.data)
    __stdout                                 0x20000074   Data           4  usart.o(.data)
    BUTTON__DefaultProps                     0x20000080   Data          32  button.o(.data)
    EDIT__DefaultProps                       0x200000a4   Data          28  edit.o(.data)
    FRAMEWIN__DefaultProps                   0x200000c8   Data          32  framewin.o(.data)
    LISTVIEW_DefaultProps                    0x20000108   Data          32  listview.o(.data)
    _pEffectDefault                          0x20000130   Data           4  widget.o(.data)
    WM__NumWindows                           0x20000134   Data           2  wm.o(.data)
    WM__NumInvalidWindows                    0x20000136   Data           2  wm.o(.data)
    WM__FirstWin                             0x20000138   Data           2  wm.o(.data)
    WM__pFirstCriticalHandle                 0x2000013c   Data           4  wm.o(.data)
    WM__ahDesktopWin                         0x20000140   Data           2  wm.o(.data)
    WM__aBkColor                             0x20000144   Data           4  wm.o(.data)
    WM_IsActive                              0x20000148   Data           1  wm.o(.data)
    WM__CreateFlags                          0x2000014a   Data           2  wm.o(.data)
    WM__hCapture                             0x2000014c   Data           2  wm.o(.data)
    WM__hWinFocus                            0x2000014e   Data           2  wm.o(.data)
    WM__CaptureReleaseAuto                   0x20000150   Data           1  wm.o(.data)
    WM_pfPollPID                             0x20000154   Data           4  wm.o(.data)
    WM__PaintCallbackCnt                     0x20000158   Data           1  wm.o(.data)
    WM__TransWindowCnt                       0x2000015c   Data           4  wm.o(.data)
    WM__hATransWindow                        0x20000160   Data           2  wm.o(.data)
    WM__CHWinModal                           0x2000016c   Data           8  wmtouch.o(.data)
    WM__CHWinLast                            0x20000174   Data           8  wmtouch.o(.data)
    GUI_pfKeyMsgHook                         0x20000190   Data           4  gui_onkey.o(.data)
    GUI_DecChar                              0x200001d4   Data           1  guicore.o(.data)
    GUI_pfTimerExec                          0x200001d8   Data           4  guicore.o(.data)
    WM_pfHandlePID                           0x200001dc   Data           4  guicore.o(.data)
    GUI_pfDispCharStyle                      0x200001e0   Data           4  guicore.o(.data)
    GUI_pLCD_APIList                         0x200001e4   Data           4  guicore.o(.data)
    GUI_CURSOR_pfTempHide                    0x200001e8   Data           4  guicore.o(.data)
    GUI_CURSOR_pfTempUnhide                  0x200001ec   Data           4  guicore.o(.data)
    hFirstTimer                              0x20000220   Data           2  guitimer.o(.data)
    _hActiveTimer                            0x20000222   Data           2  guitimer.o(.data)
    LCD_aAPI                                 0x20000224   Data           4  lcd_api.o(.data)
    POINT_COLOR                              0x20000228   Data           2  ili93xx.o(.data)
    BACK_COLOR                               0x2000022a   Data           2  ili93xx.o(.data)
    DeviceCode                               0x2000022c   Data           2  ili93xx.o(.data)
    OS_TimeMS                                0x20000230   Data           4  gui_x.o(.data)
    sCANBuffData                             0x20000234   Data        1000  ostk.o(.bss)
    u32BuffDataTimes                         0x2000061c   Data         400  ostk.o(.bss)
    WM_PID__StateLast                        0x200007ac   Data          12  wm.o(.bss)
    GUI_Heap                                 0x2000080c   Data        5000  guialloc.o(.bss)
    GUI_ALLOC                                0x20001f48   Data          20  guialloc.o(.bss)
    GUI_Context                              0x20001f5c   Data          96  guicore.o(.bss)
    LCD__aConvTable                          0x20001fbc   Data         512  lcdcolor.o(.bss)
    __libspace_start                         0x200021bc   Data          96  libspace.o(.bss)
    __temporary_stack_top$libspace           0x2000221c   Data           0  libspace.o(.bss)



==============================================================================

Memory Map of the image

  Image Entry point : 0x080000ed

  Load Region LR_IROM1 (Base: 0x08000000, Size: 0x0001352c, Max: 0x00040000, ABSOLUTE, COMPRESSED[0x0001339c])

    Execution Region ER_IROM1 (Base: 0x08000000, Size: 0x000132f8, Max: 0x00040000, ABSOLUTE)

    Base Addr    Size         Type   Attr      Idx    E Section Name        Object

    0x08000000   0x000000ec   Data   RO            3    RESET               stm32f10x.o
    0x080000ec   0x00000008   Code   RO         8716  * !!!main             c_w.l(__main.o)
    0x080000f4   0x00000034   Code   RO         9052    !!!scatter          c_w.l(__scatter.o)
    0x08000128   0x0000005a   Code   RO         9050    !!dczerorl2         c_w.l(__dczerorl2.o)
    0x08000182   0x00000002   PAD
    0x08000184   0x0000001c   Code   RO         9054    !!handler_zi        c_w.l(__scatter_zi.o)
    0x080001a0   0x00000000   Code   RO         8695    .ARM.Collect$$_printf_percent$$00000000  c_w.l(_printf_percent.o)
    0x080001a0   0x00000006   Code   RO         8694    .ARM.Collect$$_printf_percent$$00000009  c_w.l(_printf_d.o)
    0x080001a6   0x00000006   Code   RO         8693    .ARM.Collect$$_printf_percent$$0000000C  c_w.l(_printf_x.o)
    0x080001ac   0x00000004   Code   RO         8825    .ARM.Collect$$_printf_percent$$00000017  c_w.l(_printf_percent_end.o)
    0x080001b0   0x00000002   Code   RO         8921    .ARM.Collect$$libinit$$00000000  c_w.l(libinit.o)
    0x080001b2   0x00000000   Code   RO         8927    .ARM.Collect$$libinit$$00000002  c_w.l(libinit2.o)
    0x080001b2   0x00000000   Code   RO         8929    .ARM.Collect$$libinit$$00000004  c_w.l(libinit2.o)
    0x080001b2   0x00000000   Code   RO         8932    .ARM.Collect$$libinit$$0000000A  c_w.l(libinit2.o)
    0x080001b2   0x00000000   Code   RO         8934    .ARM.Collect$$libinit$$0000000C  c_w.l(libinit2.o)
    0x080001b2   0x00000000   Code   RO         8936    .ARM.Collect$$libinit$$0000000E  c_w.l(libinit2.o)
    0x080001b2   0x00000000   Code   RO         8939    .ARM.Collect$$libinit$$00000011  c_w.l(libinit2.o)
    0x080001b2   0x00000000   Code   RO         8941    .ARM.Collect$$libinit$$00000013  c_w.l(libinit2.o)
    0x080001b2   0x00000000   Code   RO         8943    .ARM.Collect$$libinit$$00000015  c_w.l(libinit2.o)
    0x080001b2   0x00000000   Code   RO         8945    .ARM.Collect$$libinit$$00000017  c_w.l(libinit2.o)
    0x080001b2   0x00000000   Code   RO         8947    .ARM.Collect$$libinit$$00000019  c_w.l(libinit2.o)
    0x080001b2   0x00000000   Code   RO         8949    .ARM.Collect$$libinit$$0000001B  c_w.l(libinit2.o)
    0x080001b2   0x00000000   Code   RO         8951    .ARM.Collect$$libinit$$0000001D  c_w.l(libinit2.o)
    0x080001b2   0x00000000   Code   RO         8953    .ARM.Collect$$libinit$$0000001F  c_w.l(libinit2.o)
    0x080001b2   0x00000000   Code   RO         8955    .ARM.Collect$$libinit$$00000021  c_w.l(libinit2.o)
    0x080001b2   0x00000000   Code   RO         8957    .ARM.Collect$$libinit$$00000023  c_w.l(libinit2.o)
    0x080001b2   0x00000000   Code   RO         8959    .ARM.Collect$$libinit$$00000025  c_w.l(libinit2.o)
    0x080001b2   0x00000000   Code   RO         8963    .ARM.Collect$$libinit$$0000002C  c_w.l(libinit2.o)
    0x080001b2   0x00000000   Code   RO         8965    .ARM.Collect$$libinit$$0000002E  c_w.l(libinit2.o)
    0x080001b2   0x00000000   Code   RO         8967    .ARM.Collect$$libinit$$00000030  c_w.l(libinit2.o)
    0x080001b2   0x00000000   Code   RO         8969    .ARM.Collect$$libinit$$00000032  c_w.l(libinit2.o)
    0x080001b2   0x00000002   Code   RO         8970    .ARM.Collect$$libinit$$00000033  c_w.l(libinit2.o)
    0x080001b4   0x00000002   Code   RO         8992    .ARM.Collect$$libshutdown$$00000000  c_w.l(libshutdown.o)
    0x080001b6   0x00000000   Code   RO         9002    .ARM.Collect$$libshutdown$$00000002  c_w.l(libshutdown2.o)
    0x080001b6   0x00000000   Code   RO         9004    .ARM.Collect$$libshutdown$$00000004  c_w.l(libshutdown2.o)
    0x080001b6   0x00000000   Code   RO         9007    .ARM.Collect$$libshutdown$$00000007  c_w.l(libshutdown2.o)
    0x080001b6   0x00000000   Code   RO         9010    .ARM.Collect$$libshutdown$$0000000A  c_w.l(libshutdown2.o)
    0x080001b6   0x00000000   Code   RO         9012    .ARM.Collect$$libshutdown$$0000000C  c_w.l(libshutdown2.o)
    0x080001b6   0x00000000   Code   RO         9015    .ARM.Collect$$libshutdown$$0000000F  c_w.l(libshutdown2.o)
    0x080001b6   0x00000002   Code   RO         9016    .ARM.Collect$$libshutdown$$00000010  c_w.l(libshutdown2.o)
    0x080001b8   0x00000000   Code   RO         8814    .ARM.Collect$$rtentry$$00000000  c_w.l(__rtentry.o)
    0x080001b8   0x00000000   Code   RO         8876    .ARM.Collect$$rtentry$$00000002  c_w.l(__rtentry2.o)
    0x080001b8   0x00000006   Code   RO         8888    .ARM.Collect$$rtentry$$00000004  c_w.l(__rtentry4.o)
    0x080001be   0x00000000   Code   RO         8878    .ARM.Collect$$rtentry$$00000009  c_w.l(__rtentry2.o)
    0x080001be   0x00000004   Code   RO         8879    .ARM.Collect$$rtentry$$0000000A  c_w.l(__rtentry2.o)
    0x080001c2   0x00000000   Code   RO         8881    .ARM.Collect$$rtentry$$0000000C  c_w.l(__rtentry2.o)
    0x080001c2   0x00000008   Code   RO         8882    .ARM.Collect$$rtentry$$0000000D  c_w.l(__rtentry2.o)
    0x080001ca   0x00000002   Code   RO         8924    .ARM.Collect$$rtexit$$00000000  c_w.l(rtexit.o)
    0x080001cc   0x00000000   Code   RO         8974    .ARM.Collect$$rtexit$$00000002  c_w.l(rtexit2.o)
    0x080001cc   0x00000004   Code   RO         8975    .ARM.Collect$$rtexit$$00000003  c_w.l(rtexit2.o)
    0x080001d0   0x00000006   Code   RO         8976    .ARM.Collect$$rtexit$$00000004  c_w.l(rtexit2.o)
    0x080001d6   0x00000002   PAD
    0x080001d8   0x00000002   Code   RO          231    .emb_text           sys.o
    0x080001da   0x00000002   PAD
    0x080001dc   0x00000034   Code   RO            4    .text               stm32f10x.o
    0x08000210   0x00000050   Code   RO           10    .text               test.o
    0x08000260   0x00000228   Code   RO          142    .text               ostk.o
    0x08000488   0x000001f4   Code   RO          182    .text               framewindlg.o
    0x0800067c   0x000000b0   Code   RO          217    .text               delay.o
    0x0800072c   0x000002dc   Code   RO          232    .text               sys.o
    0x08000a08   0x000000e4   Code   RO          247    .text               usart.o
    0x08000aec   0x00000070   Code   RO          266    .text               led.o
    0x08000b5c   0x0000035c   Code   RO          278    .text               touch.o
    0x08000eb8   0x00000110   Code   RO          294    .text               timer.o
    0x08000fc8   0x00000374   Code   RO          307    .text               button.o
    0x0800133c   0x00000050   Code   RO          387    .text               button_createindirect.o
    0x0800138c   0x00000138   Code   RO          692    .text               dialog.o
    0x080014c4   0x00000a74   Code   RO          826    .text               edit.o
    0x08001f38   0x0000005c   Code   RO          856    .text               edit_createindirect.o
    0x08001f94   0x0000079c   Code   RO         1004    .text               framewin.o
    0x08002730   0x0000004e   Code   RO         1116    .text               framewin_createindirect.o
    0x0800277e   0x000001a4   Code   RO         1251    .text               gui_array.o
    0x08002922   0x00000050   Code   RO         1263    .text               gui_array_deleteitem.o
    0x08002972   0x0000005a   Code   RO         1287    .text               gui_array_resizeitem.o
    0x080029cc   0x0000005e   Code   RO         1299    .text               gui_draw.o
    0x08002a2a   0x00000002   PAD
    0x08002a2c   0x0000085c   Code   RO         1439    .text               header.o
    0x08003288   0x0000099c   Code   RO         1778    .text               listview.o
    0x08003c24   0x00000048   Code   RO         1808    .text               listview_createindirect.o
    0x08003c6c   0x000000f0   Code   RO         1848    .text               listview_deleterow.o
    0x08003d5c   0x00000020   Code   RO         1896    .text               listview_getnumcolumns.o
    0x08003d7c   0x00000020   Code   RO         1908    .text               listview_getnumrows.o
    0x08003d9c   0x0000001a   Code   RO         1920    .text               listview_getsel.o
    0x08003db6   0x00000034   Code   RO         1980    .text               listview_setgridvis.o
    0x08003dea   0x0000006c   Code   RO         2004    .text               listview_setitemtext.o
    0x08003e56   0x0000006e   Code   RO         2052    .text               listview_setsel.o
    0x08003ec4   0x00000160   Code   RO         2743    .text               text.o
    0x08004024   0x0000004e   Code   RO         2772    .text               text_createindirect.o
    0x08004072   0x00000002   PAD
    0x08004074   0x00000490   Code   RO         2844    .text               widget.o
    0x08004504   0x000001ac   Code   RO         2859    .text               widget_effect_3d.o
    0x080046b0   0x00000120   Code   RO         2954    .text               widget_fillstringinrect.o
    0x080047d0   0x00001084   Code   RO         3021    .text               wm.o
    0x08005854   0x0000003c   Code   RO         3047    .text               wm__foreachdesc.o
    0x08005890   0x0000001e   Code   RO         3059    .text               wm__getfirstsibling.o
    0x080058ae   0x00000002   PAD
    0x080058b0   0x00000024   Code   RO         3071    .text               wm__getfocussedchild.o
    0x080058d4   0x00000036   Code   RO         3107    .text               wm__getprevsibling.o
    0x0800590a   0x0000004e   Code   RO         3119    .text               wm__isancestor.o
    0x08005958   0x00000028   Code   RO         3131    .text               wm__ischild.o
    0x08005980   0x0000001a   Code   RO         3143    .text               wm__isenabled.o
    0x0800599a   0x00000024   Code   RO         3179    .text               wm__sendmessage.o
    0x080059be   0x00000018   Code   RO         3191    .text               wm__sendmessageifenabled.o
    0x080059d6   0x00000028   Code   RO         3203    .text               wm__sendmessagenopara.o
    0x080059fe   0x00000186   Code   RO         3215    .text               wm__updatechildpositions.o
    0x08005b84   0x00000048   Code   RO         3239    .text               wm_bringtobottom.o
    0x08005bcc   0x00000088   Code   RO         3251    .text               wm_bringtotop.o
    0x08005c54   0x00000076   Code   RO         3275    .text               wm_checkscrollpos.o
    0x08005cca   0x00000002   PAD
    0x08005ccc   0x00000050   Code   RO         3287    .text               wm_criticalhandle.o
    0x08005d1c   0x00000014   Code   RO         3323    .text               wm_foreachdesc.o
    0x08005d30   0x0000001c   Code   RO         3335    .text               wm_getbkcolor.o
    0x08005d4c   0x00000048   Code   RO         3347    .text               wm_getclientrect.o
    0x08005d94   0x0000001a   Code   RO         3359    .text               wm_getclientwindow.o
    0x08005dae   0x00000002   PAD
    0x08005db0   0x0000000c   Code   RO         3371    .text               wm_getdesktopwindow.o
    0x08005dbc   0x00000062   Code   RO         3411    .text               wm_getdialogitem.o
    0x08005e1e   0x00000014   Code   RO         3423    .text               wm_getfirstchild.o
    0x08005e32   0x00000014   Code   RO         3435    .text               wm_getflags.o
    0x08005e46   0x00000014   Code   RO         3459    .text               wm_getid.o
    0x08005e5a   0x00000002   PAD
    0x08005e5c   0x0000002c   Code   RO         3471    .text               wm_getinsiderect.o
    0x08005e88   0x000000be   Code   RO         3483    .text               wm_getinsiderectexscrollbar.o
    0x08005f46   0x00000014   Code   RO         3531    .text               wm_getparent.o
    0x08005f5a   0x0000001c   Code   RO         3555    .text               wm_getscrollbar.o
    0x08005f76   0x00000016   Code   RO         3579    .text               wm_getscrollstate.o
    0x08005f8c   0x00000058   Code   RO         3591    .text               wm_getwindowrect.o
    0x08005fe4   0x00000070   Code   RO         3603    .text               wm_getwindowsize.o
    0x08006054   0x00000018   Code   RO         3615    .text               wm_hascaptured.o
    0x0800606c   0x00000020   Code   RO         3675    .text               wm_isfocussable.o
    0x0800608c   0x00000010   Code   RO         3699    .text               wm_iswindow.o
    0x0800609c   0x00000100   Code   RO         3723    .text               wm_move.o
    0x0800619c   0x00000050   Code   RO         3735    .text               wm_movechildto.o
    0x080061ec   0x00000016   Code   RO         3747    .text               wm_notifyparent.o
    0x08006202   0x00000002   PAD
    0x08006204   0x00000038   Code   RO         3759    .text               wm_onkey.o
    0x0800623c   0x000000ea   Code   RO         3795    .text               wm_resizewindow.o
    0x08006326   0x00000002   PAD
    0x08006328   0x000000cc   Code   RO         3807    .text               wm_screen2win.o
    0x080063f4   0x00000010   Code   RO         3819    .text               wm_sendmessagenopara.o
    0x08006404   0x00000020   Code   RO         3831    .text               wm_sendtoparent.o
    0x08006424   0x00000050   Code   RO         3867    .text               wm_setcapture.o
    0x08006474   0x00000098   Code   RO         3879    .text               wm_setcapturemove.o
    0x0800650c   0x00000010   Code   RO         3893    .text               wm_setcreateflags.o
    0x0800651c   0x00000054   Code   RO         3905    .text               wm_setdesktopcolor.o
    0x08006570   0x000000a8   Code   RO         3917    .text               wm_setfocus.o
    0x08006618   0x00000090   Code   RO         3929    .text               wm_setfocusonnextchild.o
    0x080066a8   0x0000001c   Code   RO         3989    .text               wm_setscrollstate.o
    0x080066c4   0x00000042   Code   RO         4001    .text               wm_setsize.o
    0x08006706   0x00000002   PAD
    0x08006708   0x00000080   Code   RO         4013    .text               wm_settrans.o
    0x08006788   0x00000018   Code   RO         4037    .text               wm_setusercliprect.o
    0x080067a0   0x00000058   Code   RO         4073    .text               wm_show.o
    0x080067f8   0x0000003a   Code   RO         4157    .text               wmmemdev.o
    0x08006832   0x00000002   PAD
    0x08006834   0x00000224   Code   RO         4169    .text               wmtouch.o
    0x08006a58   0x00000020   Code   RO         4587    .text               lcdpm565.o
    0x08006a78   0x000000c4   Code   RO         4681    .text               gui__calctextrect.o
    0x08006b3c   0x00000014   Code   RO         4717    .text               gui__getfontsizey.o
    0x08006b50   0x0000001a   Code   RO         4729    .text               gui__getnumchars.o
    0x08006b6a   0x00000018   Code   RO         4745    .text               gui__handleeoline.o
    0x08006b82   0x00000042   Code   RO         4757    .text               gui__intersectrect.o
    0x08006bc4   0x00000088   Code   RO         4769    .text               gui__intersectrects.o
    0x08006c4c   0x00000056   Code   RO         4781    .text               gui__memset.o
    0x08006ca2   0x0000004e   Code   RO         4793    .text               gui__memset16.o
    0x08006cf0   0x00000022   Code   RO         4817    .text               gui__reducerect.o
    0x08006d12   0x00000050   Code   RO         4829    .text               gui__settext.o
    0x08006d62   0x00000002   PAD
    0x08006d64   0x00000050   Code   RO         4841    .text               gui__strcmp.o
    0x08006db4   0x00000016   Code   RO         4853    .text               gui__strlen.o
    0x08006dca   0x00000040   Code   RO         4958    .text               gui_alloc_allocinit.o
    0x08006e0a   0x00000022   Code   RO         4970    .text               gui_alloc_alloczero.o
    0x08006e2c   0x0000001a   Code   RO         5018    .text               gui_clearrectex.o
    0x08006e46   0x00000002   PAD
    0x08006e48   0x00000144   Code   RO         5457    .text               gui_dispstring.o
    0x08006f8c   0x00000020   Code   RO         5469    .text               gui_dispstringat.o
    0x08006fac   0x000001d8   Code   RO         5505    .text               gui_dispstringinrect.o
    0x08007184   0x000000c4   Code   RO         5602    .text               gui_drawfocusrect.o
    0x08007248   0x00000058   Code   RO         5626    .text               gui_drawhline.o
    0x080072a0   0x00000054   Code   RO         5686    .text               gui_drawvline.o
    0x080072f4   0x00000038   Code   RO         5710    .text               gui_exec.o
    0x0800732c   0x0000033c   Code   RO         5722    .text               gui_fillpolygon.o
    0x08007668   0x00000064   Code   RO         5737    .text               gui_fillrect.o
    0x080076cc   0x0000001a   Code   RO         5749    .text               gui_fillrectex.o
    0x080076e6   0x000000aa   Code   RO         5773    .text               gui_getbitmappixelindex.o
    0x08007790   0x00000012   Code   RO         5785    .text               gui_getclientrect.o
    0x080077a2   0x0000003c   Code   RO         5797    .text               gui_getcolor.o
    0x080077de   0x0000000c   Code   RO         5845    .text               gui_getfontsizey.o
    0x080077ea   0x00000016   Code   RO         5869    .text               gui_getstringdistx.o
    0x08007800   0x00000014   Code   RO         5931    .text               gui_getysizeoffont.o
    0x08007814   0x00000058   Code   RO         5943    .text               gui_goto.o
    0x0800786c   0x00000070   Code   RO         5967    .text               gui_invertrect.o
    0x080078dc   0x00000082   Code   RO         6003    .text               gui_mergerect.o
    0x0800795e   0x00000024   Code   RO         6043    .text               gui_moverect.o
    0x08007982   0x00000002   PAD
    0x08007984   0x00000090   Code   RO         6055    .text               gui_onkey.o
    0x08007a14   0x00000024   Code   RO         6078    .text               gui_pen.o
    0x08007a38   0x00000048   Code   RO         6090    .text               gui_pid.o
    0x08007a80   0x0000003a   Code   RO         6104    .text               gui_rectsintersect.o
    0x08007aba   0x00000002   PAD
    0x08007abc   0x00000024   Code   RO         6116    .text               gui_savecontext.o
    0x08007ae0   0x00000010   Code   RO         6140    .text               gui_selectlcd.o
    0x08007af0   0x00000018   Code   RO         6152    .text               gui_setcolor.o
    0x08007b08   0x00000044   Code   RO         6188    .text               gui_setdefault.o
    0x08007b4c   0x00000010   Code   RO         6200    .text               gui_setdrawmode.o
    0x08007b5c   0x00000010   Code   RO         6212    .text               gui_setfont.o
    0x08007b6c   0x00000010   Code   RO         6236    .text               gui_setlinestyle.o
    0x08007b7c   0x00000014   Code   RO         6310    .text               gui_settextalign.o
    0x08007b90   0x00000014   Code   RO         6322    .text               gui_settextmode.o
    0x08007ba4   0x0000003c   Code   RO         6384    .text               gui_touch.o
    0x08007be0   0x00000254   Code   RO         6398    .text               gui_touch_driveranalog.o
    0x08007e34   0x00000030   Code   RO         6415    .text               gui_touch_storestate.o
    0x08007e64   0x0000005c   Code   RO         6428    .text               gui_touch_storeunstable.o
    0x08007ec0   0x000000d0   Code   RO         6442    .text               gui_uc.o
    0x08007f90   0x00000030   Code   RO         6466    .text               gui_uc_encodenone.o
    0x08007fc0   0x000007d8   Code   RO         6535    .text               gui2dlib.o
    0x08008798   0x00000446   Code   RO         6550    .text               guialloc.o
    0x08008bde   0x00000002   PAD
    0x08008be0   0x000000b8   Code   RO         6578    .text               guichar.o
    0x08008c98   0x000001b8   Code   RO         6590    .text               guicharline.o
    0x08008e50   0x000001d8   Code   RO         6602    .text               guicharm.o
    0x08009028   0x00000180   Code   RO         6614    .text               guicharp.o
    0x080091a8   0x00000464   Code   RO         6626    .text               guicirc.o
    0x0800960c   0x00000114   Code   RO         6650    .text               guicore.o
    0x08009720   0x000005fc   Code   RO         6671    .text               guicurs.o
    0x08009d1c   0x00000050   Code   RO         6759    .text               guirealloc.o
    0x08009d6c   0x00000018   Code   RO         6795    .text               guitime.o
    0x08009d84   0x000001fc   Code   RO         6807    .text               guitimer.o
    0x08009f80   0x00000468   Code   RO         6858    .text               lcd.o
    0x0800a3e8   0x0000005c   Code   RO         6928    .text               lcd_drawvline.o
    0x0800a444   0x00000010   Code   RO         6940    .text               lcd_getcolorindex.o
    0x0800a454   0x00000036   Code   RO         7000    .text               lcd_l0_generic.o
    0x0800a48a   0x00000002   PAD
    0x0800a48c   0x00000024   Code   RO         7159    .text               lcd_selectlcd.o
    0x0800a4b0   0x00000020   Code   RO         7183    .text               lcd_setcliprectex.o
    0x0800a4d0   0x00000024   Code   RO         7195    .text               lcd_updatecolorindices.o
    0x0800a4f4   0x00000054   Code   RO         7219    .text               lcdcolor.o
    0x0800a548   0x0000002c   Code   RO         7262    .text               lcdinfo0.o
    0x0800a574   0x00000038   Code   RO         7345    .text               lcdpm565_index2color.o
    0x0800a5ac   0x0000066c   Code   RO         8134    .text               lcddummy.o
    0x0800ac18   0x000024bc   Code   RO         8171    .text               ili93xx.o
    0x0800d0d4   0x00000418   Code   RO         8203    .text               guidev.o
    0x0800d4ec   0x000008aa   Code   RO         8297    .text               guidev_16.o
    0x0800dd96   0x00000116   Code   RO         8365    .text               guidev_banding.o
    0x0800deac   0x00000040   Code   RO         8377    .text               guidev_clear.o
    0x0800deec   0x00000024   Code   RO         8449    .text               guidev_getysize.o
    0x0800df10   0x00000030   Code   RO         8475    .text               guidev_reduceysize.o
    0x0800df40   0x00000064   Code   RO         8487    .text               guidev_setorg.o
    0x0800dfa4   0x00000068   Code   RO         8499    .text               guidev_usage.o
    0x0800e00c   0x0000022c   Code   RO         8511    .text               guidev_usagebm.o
    0x0800e238   0x00000030   Code   RO         8621    .text               gui_x.o
    0x0800e268   0x00000002   Code   RO         8638    .text               c_w.l(use_no_semi_2.o)
    0x0800e26a   0x00000002   PAD
    0x0800e26c   0x00000018   Code   RO         8644    .text               c_w.l(noretval__2printf.o)
    0x0800e284   0x00000028   Code   RO         8646    .text               c_w.l(noretval__2sprintf.o)
    0x0800e2ac   0x00000068   Code   RO         8648    .text               c_w.l(__printf.o)
    0x0800e314   0x00000078   Code   RO         8650    .text               c_w.l(_printf_dec.o)
    0x0800e38c   0x00000058   Code   RO         8655    .text               c_w.l(_printf_hex_int.o)
    0x0800e3e4   0x00000058   Code   RO         8696    .text               c_w.l(memcmp.o)
    0x0800e43c   0x00000048   Code   RO         8698    .text               c_w.l(strcpy.o)
    0x0800e484   0x0000003e   Code   RO         8700    .text               c_w.l(strlen.o)
    0x0800e4c2   0x0000008a   Code   RO         8702    .text               c_w.l(rt_memcpy_v6.o)
    0x0800e54c   0x00000084   Code   RO         8704    .text               c_w.l(rt_memmove_v6.o)
    0x0800e5d0   0x00000064   Code   RO         8706    .text               c_w.l(rt_memcpy_w.o)
    0x0800e634   0x00000010   Code   RO         8708    .text               c_w.l(aeabi_memset.o)
    0x0800e644   0x0000004e   Code   RO         8710    .text               c_w.l(rt_memclr_w.o)
    0x0800e692   0x00000006   Code   RO         8714    .text               c_w.l(heapauxi.o)
    0x0800e698   0x00000002   Code   RO         8812    .text               c_w.l(use_no_semi.o)
    0x0800e69a   0x000000b2   Code   RO         8817    .text               c_w.l(_printf_intcommon.o)
    0x0800e74c   0x00000030   Code   RO         8819    .text               c_w.l(_printf_char_common.o)
    0x0800e77c   0x0000000a   Code   RO         8821    .text               c_w.l(_sputc.o)
    0x0800e786   0x00000002   PAD
    0x0800e788   0x00000024   Code   RO         8823    .text               c_w.l(_printf_char_file.o)
    0x0800e7ac   0x0000007a   Code   RO         8826    .text               c_w.l(rt_memmove_w.o)
    0x0800e826   0x00000044   Code   RO         8828    .text               c_w.l(rt_memclr.o)
    0x0800e86a   0x00000008   Code   RO         8897    .text               c_w.l(ferror.o)
    0x0800e872   0x00000002   PAD
    0x0800e874   0x00000008   Code   RO         8909    .text               c_w.l(libspace.o)
    0x0800e87c   0x0000004a   Code   RO         8912    .text               c_w.l(sys_stackheap_outer.o)
    0x0800e8c6   0x00000012   Code   RO         8914    .text               c_w.l(exit.o)
    0x0800e8d8   0x000000dc   Code   RO         8184    i.LCD_SetCursor     ili93xx.o
    0x0800e9b4   0x000002b0   Code   RO         8727    x$fpl$ddiv          fz_ws.l(ddiv.o)
    0x0800ec64   0x0000005a   Code   RO         8734    x$fpl$dfixu         fz_ws.l(dfixu.o)
    0x0800ecbe   0x0000002e   Code   RO         8739    x$fpl$dflt          fz_ws.l(dflt_clz.o)
    0x0800ecec   0x0000009c   Code   RO         8832    x$fpl$dnaninf       fz_ws.l(dnaninf.o)
    0x0800ed88   0x0000000c   Code   RO         8834    x$fpl$dretinf       fz_ws.l(dretinf.o)
    0x0800ed94   0x000000c4   Code   RO         8748    x$fpl$fadd          fz_ws.l(faddsub_clz.o)
    0x0800ee58   0x00000184   Code   RO         8755    x$fpl$fdiv          fz_ws.l(fdiv.o)
    0x0800efdc   0x0000003e   Code   RO         8764    x$fpl$ffixu         fz_ws.l(ffixu.o)
    0x0800f01a   0x00000002   PAD
    0x0800f01c   0x00000026   Code   RO         8768    x$fpl$ffltu         fz_ws.l(fflt_clz.o)
    0x0800f042   0x00000002   PAD
    0x0800f044   0x00000102   Code   RO         8776    x$fpl$fmul          fz_ws.l(fmul.o)
    0x0800f146   0x0000008c   Code   RO         8842    x$fpl$fnaninf       fz_ws.l(fnaninf.o)
    0x0800f1d2   0x0000000a   Code   RO         8844    x$fpl$fretinf       fz_ws.l(fretinf.o)
    0x0800f1dc   0x00000014   Code   RO         8749    x$fpl$frsb          fz_ws.l(faddsub_clz.o)
    0x0800f1f0   0x000000ea   Code   RO         8750    x$fpl$fsub          fz_ws.l(faddsub_clz.o)
    0x0800f2da   0x00000000   Code   RO         8846    x$fpl$usenofp       fz_ws.l(usenofp.o)
    0x0800f2da   0x00000002   PAD
    0x0800f2dc   0x00000108   Data   RO          183    .constdata          framewindlg.o
    0x0800f3e4   0x00000018   Data   RO         2860    .constdata          widget_effect_3d.o
    0x0800f3fc   0x00000020   Data   RO         5089    .constdata          gui_cursorarrowm.o
    0x0800f41c   0x0000003c   Data   RO         5123    .constdata          gui_cursorarrowmpx.o
    0x0800f458   0x00000020   Data   RO         5324    .constdata          gui_cursorheaderm.o
    0x0800f478   0x00000055   Data   RO         5358    .constdata          gui_cursorheadermpx.o
    0x0800f4cd   0x00000003   PAD
    0x0800f4d0   0x00000018   Data   RO         5371    .constdata          gui_cursorpal.o
    0x0800f4e8   0x00000010   Data   RO         6467    .constdata          gui_uc_encodenone.o
    0x0800f4f8   0x00000044   Data   RO         6536    .constdata          gui2dlib.o
    0x0800f53c   0x00000008   Data   RO         6652    .constdata          guicore.o
    0x0800f544   0x00000040   Data   RO         6870    .constdata          lcd_api.o
    0x0800f584   0x00000100   Data   RO         7012    .constdata          lcd_mirror.o
    0x0800f684   0x00000734   Data   RO         7420    .constdata          f6x8.o
    0x0800fdb8   0x00000634   Data   RO         7433    .constdata          f08_1.o
    0x080103ec   0x0000061c   Data   RO         7447    .constdata          f08_ascii.o
    0x08010a08   0x00000cf4   Data   RO         7563    .constdata          f8x16.o
    0x080116fc   0x00000868   Data   RO         7636    .constdata          f13_1.o
    0x08011f64   0x00000820   Data   RO         7649    .constdata          f13_ascii.o
    0x08012784   0x00000a64   Data   RO         8172    .constdata          ili93xx.o
    0x080131e8   0x00000060   Data   RO         8298    .constdata          guidev_16.o
    0x08013248   0x00000018   Data   RO         8512    .constdata          guidev_usagebm.o
    0x08013260   0x00000028   Data   RO         8656    .constdata          c_w.l(_printf_hex_int.o)
    0x08013288   0x0000004d   Data   RO          184    .conststring        framewindlg.o
    0x080132d5   0x00000003   PAD
    0x080132d8   0x00000020   Data   RO         9048    Region$$Table       anon$$obj.o


    Execution Region RW_IRAM1 (Base: 0x20000000, Size: 0x00005420, Max: 0x0000c000, ABSOLUTE, COMPRESSED[0x000000a4])

    Base Addr    Size         Type   Attr      Idx    E Section Name        Object

    0x20000000   0x0000006f   Data   RW          144    .data               ostk.o
    0x2000006f   0x00000001   PAD
    0x20000070   0x00000004   Data   RW          218    .data               delay.o
    0x20000074   0x00000004   Data   RW          248    .data               usart.o
    0x20000078   0x00000008   Data   RW          279    .data               touch.o
    0x20000080   0x00000020   Data   RW          308    .data               button.o
    0x200000a0   0x00000004   Data   RW          693    .data               dialog.o
    0x200000a4   0x00000024   Data   RW          827    .data               edit.o
    0x200000c8   0x00000022   Data   RW         1005    .data               framewin.o
    0x200000ea   0x00000002   PAD
    0x200000ec   0x0000001c   Data   RW         1440    .data               header.o
    0x20000108   0x00000020   Data   RW         1779    .data               listview.o
    0x20000128   0x00000008   Data   RW         2744    .data               text.o
    0x20000130   0x00000004   Data   RW         2845    .data               widget.o
    0x20000134   0x00000032   Data   RW         3023    .data               wm.o
    0x20000166   0x00000004   Data   RW         3880    .data               wm_setcapturemove.o
    0x2000016a   0x00000002   PAD
    0x2000016c   0x00000010   Data   RW         4170    .data               wmtouch.o
    0x2000017c   0x00000004   Data   RW         5724    .data               gui_fillpolygon.o
    0x20000180   0x00000014   Data   RW         6056    .data               gui_onkey.o
    0x20000194   0x00000031   Data   RW         6399    .data               gui_touch_driveranalog.o
    0x200001c5   0x00000003   PAD
    0x200001c8   0x00000008   Data   RW         6429    .data               gui_touch_storeunstable.o
    0x200001d0   0x00000001   Data   RW         6552    .data               guialloc.o
    0x200001d1   0x00000003   PAD
    0x200001d4   0x0000001c   Data   RW         6653    .data               guicore.o
    0x200001f0   0x00000030   Data   RW         6672    .data               guicurs.o
    0x20000220   0x00000004   Data   RW         6808    .data               guitimer.o
    0x20000224   0x00000004   Data   RW         6871    .data               lcd_api.o
    0x20000228   0x00000006   Data   RW         8173    .data               ili93xx.o
    0x2000022e   0x00000002   PAD
    0x20000230   0x00000004   Data   RW         8622    .data               gui_x.o
    0x20000234   0x00000578   Zero   RW          143    .bss                ostk.o
    0x200007ac   0x00000024   Zero   RW         3022    .bss                wm.o
    0x200007d0   0x00000018   Zero   RW         5723    .bss                gui_fillpolygon.o
    0x200007e8   0x0000000c   Zero   RW         6091    .bss                gui_pid.o
    0x200007f4   0x0000000c   Zero   RW         6385    .bss                gui_touch.o
    0x20000800   0x0000000c   Zero   RW         6416    .bss                gui_touch_storestate.o
    0x2000080c   0x00001750   Zero   RW         6551    .bss                guialloc.o
    0x20001f5c   0x00000060   Zero   RW         6651    .bss                guicore.o
    0x20001fbc   0x00000200   Zero   RW         7220    .bss                lcdcolor.o
    0x200021bc   0x00000060   Zero   RW         8910    .bss                c_w.l(libspace.o)
    0x2000221c   0x00000004   PAD
    0x20002220   0x00000000   Zero   RW            2    HEAP                stm32f10x.o
    0x20002220   0x00003200   Zero   RW            1    STACK               stm32f10x.o


==============================================================================

Image component sizes


      Code (inc. data)   RO Data    RW Data    ZI Data      Debug   Object Name

       884          6          0         32          0       6608   button.o
        80          0          0          0          0        816   button_createindirect.o
       176          8          0          4          0       1079   delay.o
       312          4          0          4          0       3474   dialog.o
         0          0          0          0          0        564   dropdown.o
      2676         22          0         36          0      12517   edit.o
        92          0          0          0          0        830   edit_createindirect.o
         0          0       1588          0          0       5908   f08_1.o
         0          0       1564          0          0        784   f08_ascii.o
         0          0       2152          0          0       6268   f13_1.o
         0          0       2080          0          0       6815   f13_ascii.o
         0          0       1844          0          0       2182   f6x8.o
         0          0       3316          0          0       2396   f8x16.o
      1948         22          0         34          0       8972   framewin.o
        78          0          0          0          0        830   framewin_createindirect.o
       500         66        341          0          0      24074   framewindlg.o
      2008         18         68          0          0       8856   gui2dlib.o
       196          0          0          0          0       1456   gui__calctextrect.o
        20          4          0          0          0        500   gui__getfontsizey.o
        26          0          0          0          0        583   gui__getnumchars.o
        24          0          0          0          0        668   gui__handleeoline.o
        66          0          0          0          0        925   gui__intersectrect.o
       136          0          0          0          0       1170   gui__intersectrects.o
        86          0          0          0          0        814   gui__memset.o
        78          0          0          0          0        824   gui__memset16.o
        34          0          0          0          0        930   gui__reducerect.o
        80          0          0          0          0        763   gui__settext.o
        80          4          0          0          0        897   gui__strcmp.o
        22          0          0          0          0        562   gui__strlen.o
        64          0          0          0          0        786   gui_alloc_allocinit.o
        34          0          0          0          0        606   gui_alloc_alloczero.o
       420          0          0          0          0       3478   gui_array.o
        80          0          0          0          0       1267   gui_array_deleteitem.o
        90          0          0          0          0       1291   gui_array_resizeitem.o
        26          0          0          0          0        874   gui_clearrectex.o
         0          0         32          0          0      15708   gui_cursorarrowm.o
         0          0         60          0          0        632   gui_cursorarrowmpx.o
         0          0         32          0          0      15676   gui_cursorheaderm.o
         0          0         85          0          0        636   gui_cursorheadermpx.o
         0          0         24          0          0        668   gui_cursorpal.o
       324          4          0          0          0        985   gui_dispstring.o
        32          6          0          0          0        651   gui_dispstringat.o
       472          6          0          0          0       2345   gui_dispstringinrect.o
        94          0          0          0          0       1635   gui_draw.o
       196          4          0          0          0       1200   gui_drawfocusrect.o
        88          6          0          0          0        668   gui_drawhline.o
        84          6          0          0          0        668   gui_drawvline.o
        56          4          0          0          0        677   gui_exec.o
       828         14          0          4         24       4465   gui_fillpolygon.o
       100          6          0          0          0        723   gui_fillrect.o
        26          0          0          0          0        865   gui_fillrectex.o
       170          0          0          0          0       1226   gui_getbitmappixelindex.o
        18          0          0          0          0        980   gui_getclientrect.o
        60          0          0          0          0       1012   gui_getcolor.o
        12          0          0          0          0        527   gui_getfontsizey.o
        22          0          0          0          0        589   gui_getstringdistx.o
        20          0          0          0          0        728   gui_getysizeoffont.o
        88          6          0          0          0       1257   gui_goto.o
       112          4          0          0          0        753   gui_invertrect.o
       130          0          0          0          0       1072   gui_mergerect.o
        36          0          0          0          0        899   gui_moverect.o
       144         12          0         20          0      17251   gui_onkey.o
        36          4          0          0          0       1036   gui_pen.o
        72         12          0          0         12       1498   gui_pid.o
        58          0          0          0          0       1029   gui_rectsintersect.o
        36          4          0          0          0       1085   gui_savecontext.o
        16          0          0          0          0        488   gui_selectlcd.o
        24          0          0          0          0        698   gui_setcolor.o
        68          6          0          0          0        631   gui_setdefault.o
        16          0          0          0          0        582   gui_setdrawmode.o
        16          4          0          0          0        550   gui_setfont.o
        16          6          0          0          0        567   gui_setlinestyle.o
        20          4          0          0          0        555   gui_settextalign.o
        20          4          0          0          0        554   gui_settextmode.o
        60          4          0          0         12       1396   gui_touch.o
       596         40          0         49          0       3832   gui_touch_driveranalog.o
        48          6          0          0         12        647   gui_touch_storestate.o
        92          8          0          8          0       1184   gui_touch_storeunstable.o
       208          6          0          0          0       2144   gui_uc.o
        48         10         16          0          0       1824   gui_uc_encodenone.o
        48          6          0          4          0       1518   gui_x.o
      1094         16          0          1       5968       5760   guialloc.o
       184          8          0          0          0       1244   guichar.o
       440         12          0          0          0       2235   guicharline.o
       472          4          0          0          0       2145   guicharm.o
       384          4          0          0          0       2073   guicharp.o
      1124         12          0          0          0       3822   guicirc.o
       276         24          8         28         96       5588   guicore.o
      1532         90          0         48          0       6381   guicurs.o
      1048         16          0          0          0       5969   guidev.o
      2218         20         96          0          0      36356   guidev_16.o
       278          0          0          0          0       1986   guidev_banding.o
        64          6          0          0          0       1107   guidev_clear.o
        36          4          0          0          0       1034   guidev_getysize.o
        48          6          0          0          0       1109   guidev_reduceysize.o
       100          4          0          0          0       1204   guidev_setorg.o
       104          4          0          0          0       1553   guidev_usage.o
       556          4         24          0          0       3614   guidev_usagebm.o
        80          0          0          0          0        832   guirealloc.o
        24          0          0          0          0        652   guitime.o
       508         12          0          4          0       4260   guitimer.o
      2140         60          0         28          0      12902   header.o
      9624        164       2660          6          0      13989   ili93xx.o
      1128         12          0          0          0       4704   lcd.o
         0          0         64          4          0        702   lcd_api.o
        92          4          0          0          0        656   lcd_drawvline.o
        16          4          0          0          0        628   lcd_getcolorindex.o
        54          0          0          0          0       1163   lcd_l0_generic.o
         0          0        256          0          0        610   lcd_mirror.o
        36         10          0          0          0        492   lcd_selectlcd.o
        32          4          0          0          0        912   lcd_setcliprectex.o
        36          4          0          0          0        521   lcd_updatecolorindices.o
        84          4          0          0        512       1826   lcdcolor.o
      1644          8          0          0          0       7026   lcddummy.o
        44          0          0          0          0       1429   lcdinfo0.o
        32          0          0          0          0        817   lcdpm565.o
        56          0          0          0          0        659   lcdpm565_index2color.o
       112         12          0          0          0        467   led.o
      2460          8          0         32          0      10882   listview.o
        72          0          0          0          0        822   listview_createindirect.o
         0          0          0          0          0       1148   listview_default.o
       240          0          0          0          0       1749   listview_deleterow.o
        32          0          0          0          0       1049   listview_getnumcolumns.o
        32          0          0          0          0       1030   listview_getnumrows.o
        26          0          0          0          0        982   listview_getsel.o
        52          0          0          0          0       1070   listview_setgridvis.o
       108          0          0          0          0       1347   listview_setitemtext.o
       110          0          0          0          0       1134   listview_setsel.o
       552         42          0        111       1400       5340   ostk.o
        52         18        236          0      12800        804   stm32f10x.o
       734         48          0          0          0       2823   sys.o
        80          6          0          0          0      20422   test.o
       352         14          0          8          0       3257   text.o
        78          0          0          0          0        818   text_createindirect.o
       272         14          0          0          0        939   timer.o
       860         32          0          8          0       3276   touch.o
       228         16          0          4          0       2882   usart.o
      1168          4          0          4          0       8113   widget.o
       428         18         24          0          0       3964   widget_effect_3d.o
       288          6          0          0          0       1503   widget_fillstringinrect.o
      4228        182          0         50         36      19738   wm.o
        60          0          0          0          0       1058   wm__foreachdesc.o
        30          0          0          0          0        610   wm__getfirstsibling.o
        36          6          0          0          0        603   wm__getfocussedchild.o
        54          0          0          0          0        965   wm__getprevsibling.o
        78          0          0          0          0       1326   wm__isancestor.o
        40          0          0          0          0        994   wm__ischild.o
        26          0          0          0          0        576   wm__isenabled.o
        36          0          0          0          0        998   wm__sendmessage.o
        24          0          0          0          0        623   wm__sendmessageifenabled.o
        40          0          0          0          0       1072   wm__sendmessagenopara.o
       390          0          0          0          0       1671   wm__updatechildpositions.o
        72          0          0          0          0       1119   wm_bringtobottom.o
       136          6          0          0          0       1644   wm_bringtotop.o
       118          0          0          0          0       1575   wm_checkscrollpos.o
        80          4          0          0          0        929   wm_criticalhandle.o
        20          0          0          0          0        957   wm_foreachdesc.o
        28          0          0          0          0        612   wm_getbkcolor.o
        72          8          0          0          0       1174   wm_getclientrect.o
        26          0          0          0          0        597   wm_getclientwindow.o
        12          4          0          0          0        502   wm_getdesktopwindow.o
        98          0          0          0          0       1355   wm_getdialogitem.o
        20          0          0          0          0        567   wm_getfirstchild.o
        20          0          0          0          0        574   wm_getflags.o
        20          0          0          0          0        555   wm_getid.o
        44          4          0          0          0       1106   wm_getinsiderect.o
       190          0          0          0          0       1298   wm_getinsiderectexscrollbar.o
        20          0          0          0          0        551   wm_getparent.o
        28          0          0          0          0        756   wm_getscrollbar.o
        22          0          0          0          0        936   wm_getscrollstate.o
        88          8          0          0          0       1346   wm_getwindowrect.o
       112          0          0          0          0       1760   wm_getwindowsize.o
        24          4          0          0          0        561   wm_hascaptured.o
        32          0          0          0          0        618   wm_isfocussable.o
        16          0          0          0          0        558   wm_iswindow.o
       256          0          0          0          0       2116   wm_move.o
        80          0          0          0          0       1113   wm_movechildto.o
        22          0          0          0          0        610   wm_notifyparent.o
        56          6          0          0          0        679   wm_onkey.o
       234          0          0          0          0       1278   wm_resizewindow.o
       204          6          0          0          0       2061   wm_screen2win.o
        16          0          0          0          0        603   wm_sendmessagenopara.o
        32          0          0          0          0        646   wm_sendtoparent.o
        80          8          0          0          0        882   wm_setcapture.o
       152          4          0          4          0       1400   wm_setcapturemove.o
        16          6          0          0          0        568   wm_setcreateflags.o
        84         10          0          0          0       1098   wm_setdesktopcolor.o
       168          4          0          0          0        742   wm_setfocus.o
       144          0          0          0          0       1637   wm_setfocusonnextchild.o
        28          0          0          0          0        952   wm_setscrollstate.o
        66          0          0          0          0       1089   wm_setsize.o
       128          6          0          0          0       1391   wm_settrans.o
        24          6          0          0          0        925   wm_setusercliprect.o
        88          0          0          0          0       1249   wm_show.o
        58          0          0          0          0       1155   wmmemdev.o
       548         20          0         16          0       4464   wmtouch.o

    ----------------------------------------------------------------------
     57708       1416      16608        564      20872     500004   Object Totals
         0          0         32          0          0          0   (incl. Generated)
        34          0          6         13          0          0   (incl. Padding)

    ----------------------------------------------------------------------

      Code (inc. data)   RO Data    RW Data    ZI Data      Debug   Library Member Name

        90          0          0          0          0          0   __dczerorl2.o
         8          0          0          0          0         68   __main.o
       104          0          0          0          0         84   __printf.o
         0          0          0          0          0          0   __rtentry.o
        12          0          0          0          0          0   __rtentry2.o
         6          0          0          0          0          0   __rtentry4.o
        52          8          0          0          0          0   __scatter.o
        28          0          0          0          0          0   __scatter_zi.o
        48          6          0          0          0         96   _printf_char_common.o
        36          4          0          0          0         80   _printf_char_file.o
         6          0          0          0          0          0   _printf_d.o
       120         16          0          0          0         92   _printf_dec.o
        88          4         40          0          0         88   _printf_hex_int.o
       178          0          0          0          0         88   _printf_intcommon.o
         0          0          0          0          0          0   _printf_percent.o
         4          0          0          0          0          0   _printf_percent_end.o
         6          0          0          0          0          0   _printf_x.o
        10          0          0          0          0         68   _sputc.o
        16          0          0          0          0         68   aeabi_memset.o
        18          0          0          0          0         80   exit.o
         8          0          0          0          0         68   ferror.o
         6          0          0          0          0        152   heapauxi.o
         2          0          0          0          0          0   libinit.o
         2          0          0          0          0          0   libinit2.o
         2          0          0          0          0          0   libshutdown.o
         2          0          0          0          0          0   libshutdown2.o
         8          4          0          0         96         68   libspace.o
        88          0          0          0          0         76   memcmp.o
        24          4          0          0          0         84   noretval__2printf.o
        40          6          0          0          0         84   noretval__2sprintf.o
        68          0          0          0          0         68   rt_memclr.o
        78          0          0          0          0         80   rt_memclr_w.o
       138          0          0          0          0         68   rt_memcpy_v6.o
       100          0          0          0          0         80   rt_memcpy_w.o
       132          0          0          0          0         68   rt_memmove_v6.o
       122          0          0          0          0         80   rt_memmove_w.o
         2          0          0          0          0          0   rtexit.o
        10          0          0          0          0          0   rtexit2.o
        72          0          0          0          0         80   strcpy.o
        62          0          0          0          0         76   strlen.o
        74          0          0          0          0         80   sys_stackheap_outer.o
         2          0          0          0          0         68   use_no_semi.o
         2          0          0          0          0         68   use_no_semi_2.o
       688        140          0          0          0        208   ddiv.o
        90          4          0          0          0         92   dfixu.o
        46          0          0          0          0         68   dflt_clz.o
       156          4          0          0          0         92   dnaninf.o
        12          0          0          0          0         68   dretinf.o
       450          8          0          0          0        236   faddsub_clz.o
       388         76          0          0          0         96   fdiv.o
        62          4          0          0          0         84   ffixu.o
        38          0          0          0          0         68   fflt_clz.o
       258          4          0          0          0         84   fmul.o
       140          4          0          0          0         84   fnaninf.o
        10          0          0          0          0         68   fretinf.o
         0          0          0          0          0          0   usenofp.o

    ----------------------------------------------------------------------
      4228        296         40          0        100       3408   Library Totals
        16          0          0          0          4          0   (incl. Padding)

    ----------------------------------------------------------------------

      Code (inc. data)   RO Data    RW Data    ZI Data      Debug   Library Name

      1874         52         40          0         96       2160   c_w.l
      2338        244          0          0          0       1248   fz_ws.l

    ----------------------------------------------------------------------
      4228        296         40          0        100       3408   Library Totals

    ----------------------------------------------------------------------

==============================================================================


      Code (inc. data)   RO Data    RW Data    ZI Data      Debug   

     61936       1712      16648        564      20972     490252   Grand Totals
     61936       1712      16648        164      20972     490252   ELF Image Totals (compressed)
     61936       1712      16648        164          0          0   ROM Totals

==============================================================================

    Total RO  Size (Code + RO Data)                78584 (  76.74kB)
    Total RW  Size (RW Data + ZI Data)             21536 (  21.03kB)
    Total ROM Size (Code + RO Data + RW Data)      78748 (  76.90kB)

==============================================================================

