Component: ARM Compiler 5.06 update 3 (build 300) Tool: armlink [4d35c9]

==============================================================================

Section Cross References

    stm32f10x.o(STACK) refers (Special) to heapauxi.o(.text) for __use_two_region_memory
    stm32f10x.o(HEAP) refers (Special) to heapauxi.o(.text) for __use_two_region_memory
    stm32f10x.o(RESET) refers (Special) to heapauxi.o(.text) for __use_two_region_memory
    stm32f10x.o(RESET) refers to stm32f10x.o(STACK) for __initial_sp
    stm32f10x.o(RESET) refers to stm32f10x.o(.text) for Reset_Handler
    stm32f10x.o(RESET) refers to timer.o(.text) for TIM3_IRQHandler
    stm32f10x.o(.text) refers (Special) to heapauxi.o(.text) for __use_two_region_memory
    stm32f10x.o(.text) refers to __main.o(!!!main) for __main
    stm32f10x.o(.text) refers to stm32f10x.o(HEAP) for Heap_Mem
    stm32f10x.o(.text) refers to stm32f10x.o(STACK) for Stack_Mem
    test.o(.text) refers to sys.o(.text) for Stm32_Clock_Init
    test.o(.text) refers to delay.o(.text) for delay_init
    test.o(.text) refers to usart.o(.text) for uart_init
    test.o(.text) refers to led.o(.text) for LED_Init
    test.o(.text) refers to guicore.o(.text) for GUI_Init
    test.o(.text) refers to touch.o(.text) for StartTouch
    test.o(.text) refers to gui_setfont.o(.text) for GUI_SetFont
    test.o(.text) refers to timer.o(.text) for Timerx_Init
    test.o(.text) refers to wm_setdesktopcolor.o(.text) for WM_SetDesktopColor
    test.o(.text) refers to wm_setcreateflags.o(.text) for WM_SetCreateFlags
    test.o(.text) refers to ostk.o(.text) for emwindemo_task
    test.o(.text) refers to f8x16.o(.constdata) for GUI_Font8x16
    ostk.o(.text) refers to _printf_percent.o(.ARM.Collect$$_printf_percent$$00000000) for _printf_percent
    ostk.o(.text) refers to _printf_x.o(.ARM.Collect$$_printf_percent$$0000000C) for _printf_x
    ostk.o(.text) refers to _printf_hex_int.o(.text) for _printf_longlong_hex
    ostk.o(.text) refers to _printf_d.o(.ARM.Collect$$_printf_percent$$00000009) for _printf_d
    ostk.o(.text) refers to _printf_dec.o(.text) for _printf_int_dec
    ostk.o(.text) refers to listview_getnumrows.o(.text) for LISTVIEW_GetNumRows
    ostk.o(.text) refers to listview_deleterow.o(.text) for LISTVIEW_DeleteRow
    ostk.o(.text) refers to guitime.o(.text) for GUI_Delay
    ostk.o(.text) refers to noretval__2sprintf.o(.text) for __2sprintf
    ostk.o(.text) refers to listview_setitemtext.o(.text) for LISTVIEW_SetItemText
    ostk.o(.text) refers to listview.o(.text) for LISTVIEW_AddRow
    ostk.o(.text) refers to guicurs.o(.text) for GUI_CURSOR_Show
    ostk.o(.text) refers to gui_setcolor.o(.text) for GUI_SetBkColor
    ostk.o(.text) refers to framewindlg.o(.text) for CreateCANDiag
    ostk.o(.text) refers to gui_exec.o(.text) for GUI_Exec
    ostk.o(.text) refers to messagebox.o(.text) for GUI_MessageBox
    ostk.o(.text) refers to wm_getclientwindow.o(.text) for WM_GetClientWindow
    ostk.o(.text) refers to wm_timer.o(.text) for WM_CreateTimer
    ostk.o(.text) refers to ostk.o(.data) for pListHand
    ostk.o(.text) refers to ostk.o(.bss) for sCANBuffData
    ostk.o(.text) refers to ostk.o(.conststring) for .conststring
    ostk.o(.text) refers to framewindlg.o(.data) for bFlash
    framewindlg.o(.text) refers to wm_getdialogitem.o(.text) for WM_GetDialogItem
    framewindlg.o(.text) refers to text_settextalign.o(.text) for TEXT_SetTextAlign
    framewindlg.o(.text) refers to text_settextcolor.o(.text) for TEXT_SetTextColor
    framewindlg.o(.text) refers to edit.o(.text) for EDIT_SetText
    framewindlg.o(.text) refers to menu.o(.text) for MENU_AddItem
    framewindlg.o(.text) refers to wm_getclientwindow.o(.text) for WM_GetClientWindow
    framewindlg.o(.text) refers to wm_timer.o(.text) for WM_CreateTimer
    framewindlg.o(.text) refers to wm_getid.o(.text) for WM_GetId
    framewindlg.o(.text) refers to ostk.o(.text) for MAN_SetType
    framewindlg.o(.text) refers to button.o(.text) for BUTTON_SetText
    framewindlg.o(.text) refers to wm.o(.text) for WM_DefaultProc
    framewindlg.o(.text) refers to wm_paint.o(.text) for WM_Paint
    framewindlg.o(.text) refers to wm_getdesktopwindow.o(.text) for WM_GetDesktopWindow
    framewindlg.o(.text) refers to dialog.o(.text) for GUI_CreateDialogBox
    framewindlg.o(.text) refers to framewindlg.o(.data) for ECUNameData
    framewindlg.o(.text) refers to framewindlg.o(.constdata) for _aDialogCreate
    framewindlg.o(.constdata) refers to framewin_createindirect.o(.text) for FRAMEWIN_CreateIndirect
    framewindlg.o(.constdata) refers to framewindlg.o(.conststring) for .conststring
    framewindlg.o(.constdata) refers to text_createindirect.o(.text) for TEXT_CreateIndirect
    framewindlg.o(.constdata) refers to edit_createindirect.o(.text) for EDIT_CreateIndirect
    framewindlg.o(.constdata) refers to button_createindirect.o(.text) for BUTTON_CreateIndirect
[...]
    acFont8_1_165                            0x080116a0   Data           8  f08_1.o(.constdata)
    acFont8_1_166                            0x080116a8   Data           8  f08_1.o(.constdata)
    acFont8_1_167                            0x080116b0   Data           8  f08_1.o(.constdata)
    acFont8_1_168                            0x080116b8   Data           8  f08_1.o(.constdata)
    acFont8_1_169                            0x080116c0   Data           8  f08_1.o(.constdata)
    acFont8_1_170                            0x080116c8   Data           8  f08_1.o(.constdata)
    acFont8_1_171                            0x080116d0   Data           8  f08_1.o(.constdata)
    acFont8_1_172                            0x080116d8   Data           8  f08_1.o(.constdata)
    acFont8_1_173                            0x080116e0   Data           8  f08_1.o(.constdata)
    acFont8_1_174                            0x080116e8   Data           8  f08_1.o(.constdata)
    acFont8_1_175                            0x080116f0   Data           8  f08_1.o(.constdata)
    acFont8_1_176                            0x080116f8   Data           8  f08_1.o(.constdata)
    acFont8_1_177                            0x08011700   Data           8  f08_1.o(.constdata)
    acFont8_1_178                            0x08011708   Data           8  f08_1.o(.constdata)
    acFont8_1_179                            0x08011710   Data           8  f08_1.o(.constdata)
    acFont8_1_180                            0x08011718   Data           8  f08_1.o(.constdata)
    acFont8_1_181                            0x08011720   Data           8  f08_1.o(.constdata)
    acFont8_1_182                            0x08011728   Data           8  f08_1.o(.constdata)
    acFont8_1_183                            0x08011730   Data           8  f08_1.o(.constdata)
    acFont8_1_184                            0x08011738   Data           8  f08_1.o(.constdata)
    acFont8_1_185                            0x08011740   Data           8  f08_1.o(.constdata)
    acFont8_1_186                            0x08011748   Data           8  f08_1.o(.constdata)
    acFont8_1_187                            0x08011750   Data           8  f08_1.o(.constdata)
    acFont8_1_188                            0x08011758   Data           8  f08_1.o(.constdata)
    acFont8_1_189                            0x08011760   Data           8  f08_1.o(.constdata)
    acFont8_1_190                            0x08011768   Data           8  f08_1.o(.constdata)
    acFont8_1_191                            0x08011770   Data           8  f08_1.o(.constdata)
    acFont8_1_192                            0x08011778   Data           8  f08_1.o(.constdata)
    acFont8_1_193                            0x08011780   Data           8  f08_1.o(.constdata)
    acFont8_1_194                            0x08011788   Data           8  f08_1.o(.constdata)
    acFont8_1_195                            0x08011790   Data           8  f08_1.o(.constdata)
    acFont8_1_196                            0x08011798   Data           8  f08_1.o(.constdata)
    acFont8_1_197                            0x080117a0   Data           8  f08_1.o(.constdata)
    acFont8_1_198                            0x080117a8   Data           8  f08_1.o(.constdata)
    acFont8_1_199                            0x080117b0   Data           8  f08_1.o(.constdata)
    acFont8_1_200                            0x080117b8   Data           8  f08_1.o(.constdata)
    acFont8_1_201                            0x080117c0   Data           8  f08_1.o(.constdata)
    acFont8_1_202                            0x080117c8   Data           8  f08_1.o(.constdata)
    acFont8_1_203                            0x080117d0   Data           8  f08_1.o(.constdata)
    acFont8_1_204                            0x080117d8   Data           8  f08_1.o(.constdata)
    acFont8_1_205                            0x080117e0   Data           8  f08_1.o(.constdata)
    acFont8_1_206                            0x080117e8   Data           8  f08_1.o(.constdata)
    acFont8_1_207                            0x080117f0   Data           8  f08_1.o(.constdata)
    acFont8_1_208                            0x080117f8   Data           8  f08_1.o(.constdata)
    acFont8_1_209                            0x08011800   Data           8  f08_1.o(.constdata)
    acFont8_1_210                            0x08011808   Data           8  f08_1.o(.constdata)
    acFont8_1_211                            0x08011810   Data           8  f08_1.o(.constdata)
    acFont8_1_212                            0x08011818   Data           8  f08_1.o(.constdata)
    acFont8_1_213                            0x08011820   Data           8  f08_1.o(.constdata)
    acFont8_1_214                            0x08011828   Data           8  f08_1.o(.constdata)
    acFont8_1_215                            0x08011830   Data           8  f08_1.o(.constdata)
    acFont8_1_216                            0x08011838   Data           8  f08_1.o(.constdata)
    acFont8_1_217                            0x08011840   Data           8  f08_1.o(.constdata)
    acFont8_1_218                            0x08011848   Data           8  f08_1.o(.constdata)
    acFont8_1_219                            0x08011850   Data           8  f08_1.o(.constdata)
    acFont8_1_220                            0x08011858   Data           8  f08_1.o(.constdata)
    acFont8_1_221                            0x08011860   Data           8  f08_1.o(.constdata)
    acFont8_1_222                            0x08011868   Data           8  f08_1.o(.constdata)
    acFont8_1_223                            0x08011870   Data           8  f08_1.o(.constdata)
    acFont8_1_224                            0x08011878   Data           8  f08_1.o(.constdata)
    acFont8_1_225                            0x08011880   Data           8  f08_1.o(.constdata)
    acFont8_1_226                            0x08011888   Data           8  f08_1.o(.constdata)
    acFont8_1_227                            0x08011890   Data           8  f08_1.o(.constdata)
    acFont8_1_228                            0x08011898   Data           8  f08_1.o(.constdata)
    acFont8_1_229                            0x080118a0   Data           8  f08_1.o(.constdata)
    acFont8_1_230                            0x080118a8   Data          16  f08_1.o(.constdata)
    acFont8_1_231                            0x080118b8   Data           8  f08_1.o(.constdata)
    acFont8_1_232                            0x080118c0   Data           8  f08_1.o(.constdata)
    acFont8_1_233                            0x080118c8   Data           8  f08_1.o(.constdata)
    acFont8_1_234                            0x080118d0   Data           8  f08_1.o(.constdata)
    acFont8_1_235                            0x080118d8   Data           8  f08_1.o(.constdata)
    acFont8_1_236                            0x080118e0   Data           8  f08_1.o(.constdata)
    acFont8_1_237                            0x080118e8   Data           8  f08_1.o(.constdata)
    acFont8_1_238                            0x080118f0   Data           8  f08_1.o(.constdata)
    acFont8_1_239                            0x080118f8   Data           8  f08_1.o(.constdata)
    acFont8_1_240                            0x08011900   Data           8  f08_1.o(.constdata)
    acFont8_1_241                            0x08011908   Data           8  f08_1.o(.constdata)
    acFont8_1_242                            0x08011910   Data           8  f08_1.o(.constdata)
    acFont8_1_243                            0x08011918   Data           8  f08_1.o(.constdata)
    acFont8_1_244                            0x08011920   Data           8  f08_1.o(.constdata)
    acFont8_1_245                            0x08011928   Data           8  f08_1.o(.constdata)
    acFont8_1_246                            0x08011930   Data           8  f08_1.o(.constdata)
    acFont8_1_247                            0x08011938   Data           8  f08_1.o(.constdata)
    acFont8_1_248                            0x08011940   Data           8  f08_1.o(.constdata)
    acFont8_1_249                            0x08011948   Data           8  f08_1.o(.constdata)
    acFont8_1_250                            0x08011950   Data           8  f08_1.o(.constdata)
    acFont8_1_251                            0x08011958   Data           8  f08_1.o(.constdata)
    acFont8_1_252                            0x08011960   Data           8  f08_1.o(.constdata)
    acFont8_1_253                            0x08011968   Data           8  f08_1.o(.constdata)
    acFont8_1_254                            0x08011970   Data           8  f08_1.o(.constdata)
    acFont8_1_255                            0x08011978   Data           8  f08_1.o(.constdata)
    Font8_1_CharInfo                         0x08011980   Data         768  f08_1.o(.constdata)
    GUI_Font8_1_Prop                         0x08011c80   Data          12  f08_1.o(.constdata)
    GUI_Font8_1                              0x08011c8c   Data          32  f08_1.o(.constdata)
    acFont8ASCII                             0x08011cac   Data         760  f08_ascii.o(.constdata)
    GUI_Font8_ASCII_CharInfo                 0x08011fa4   Data         760  f08_ascii.o(.constdata)
    GUI_Font8ASCII_Prop                      0x0801229c   Data          12  f08_ascii.o(.constdata)
    GUI_Font8_ASCII                          0x080122a8   Data          32  f08_ascii.o(.constdata)
    acFont8x16                               0x080122c8   Data        2608  f8x16.o(.constdata)
    TransList8x16                            0x08012cf8   Data         448  f8x16.o(.constdata)
    TransInfo8x16                            0x08012eb8   Data           8  f8x16.o(.constdata)
    FontMono8x16                             0x08012ec0   Data          20  f8x16.o(.constdata)
    GUI_Font8x16                             0x08012ed4   Data          32  f8x16.o(.constdata)
    GUI_Font8x17                             0x08012ef4   Data          32  f8x16.o(.constdata)
    GUI_Font8x18                             0x08012f14   Data          32  f8x16.o(.constdata)
    GUI_Font8x16x1x2                         0x08012f5c   Data          32  f8x16.o(.constdata)
    GUI_Font8x16x2x2                         0x08012f7c   Data          32  f8x16.o(.constdata)
    GUI_Font8x16x3x3                         0x08012f9c   Data          32  f8x16.o(.constdata)
    acFont13_1_00A0                          0x08012fbc   Data          13  f13_1.o(.constdata)
    acFont13_1_00A1                          0x08012fc9   Data          13  f13_1.o(.constdata)
    acFont13_1_00A2                          0x08012fd6   Data          13  f13_1.o(.constdata)
    acFont13_1_00A3                          0x08012fe3   Data          13  f13_1.o(.constdata)
    acFont13_1_00A4                          0x08012ff0   Data          13  f13_1.o(.constdata)
    acFont13_1_00A5                          0x08012ffd   Data          13  f13_1.o(.constdata)
    acFont13_1_00A6                          0x0801300a   Data          13  f13_1.o(.constdata)
    acFont13_1_00A7                          0x08013017   Data          13  f13_1.o(.constdata)
    acFont13_1_00A8                          0x08013024   Data          13  f13_1.o(.constdata)
    acFont13_1_00A9                          0x08013031   Data          26  f13_1.o(.constdata)
    acFont13_1_00AA                          0x0801304b   Data          13  f13_1.o(.constdata)
    acFont13_1_00AB                          0x08013058   Data          13  f13_1.o(.constdata)
    acFont13_1_00AC                          0x08013065   Data          13  f13_1.o(.constdata)
    acFont13_1_00AD                          0x08013072   Data          13  f13_1.o(.constdata)
    acFont13_1_00AE                          0x0801307f   Data          26  f13_1.o(.constdata)
    acFont13_1_00AF                          0x08013099   Data          13  f13_1.o(.constdata)
    acFont13_1_00B0                          0x080130a6   Data          13  f13_1.o(.constdata)
    acFont13_1_00B1                          0x080130b3   Data          13  f13_1.o(.constdata)
    acFont13_1_00B2                          0x080130c0   Data          13  f13_1.o(.constdata)
    acFont13_1_00B3                          0x080130cd   Data          13  f13_1.o(.constdata)
    acFont13_1_00B4                          0x080130da   Data          13  f13_1.o(.constdata)
    acFont13_1_00B5                          0x080130e7   Data          13  f13_1.o(.constdata)
    acFont13_1_00B6                          0x080130f4   Data          13  f13_1.o(.constdata)
    acFont13_1_00B7                          0x08013101   Data          13  f13_1.o(.constdata)
    acFont13_1_00B8                          0x0801310e   Data          13  f13_1.o(.constdata)
    acFont13_1_00B9                          0x0801311b   Data          13  f13_1.o(.constdata)
    acFont13_1_00BA                          0x08013128   Data          13  f13_1.o(.constdata)
    acFont13_1_00BB                          0x08013135   Data          13  f13_1.o(.constdata)
    acFont13_1_00BC                          0x08013142   Data          26  f13_1.o(.constdata)
    acFont13_1_00BD                          0x0801315c   Data          26  f13_1.o(.constdata)
    acFont13_1_00BE                          0x08013176   Data          26  f13_1.o(.constdata)
    acFont13_1_00BF                          0x08013190   Data          13  f13_1.o(.constdata)
    acFont13_1_00C0                          0x0801319d   Data          13  f13_1.o(.constdata)
    acFont13_1_00C1                          0x080131aa   Data          13  f13_1.o(.constdata)
    acFont13_1_00C2                          0x080131b7   Data          13  f13_1.o(.constdata)
    acFont13_1_00C3                          0x080131c4   Data          13  f13_1.o(.constdata)
    acFont13_1_00C4                          0x080131d1   Data          13  f13_1.o(.constdata)
    acFont13_1_00C5                          0x080131de   Data          13  f13_1.o(.constdata)
    acFont13_1_00C6                          0x080131eb   Data          26  f13_1.o(.constdata)
    acFont13_1_00C7                          0x08013205   Data          13  f13_1.o(.constdata)
    acFont13_1_00C8                          0x08013212   Data          13  f13_1.o(.constdata)
    acFont13_1_00C9                          0x0801321f   Data          13  f13_1.o(.constdata)
    acFont13_1_00CA                          0x0801322c   Data          13  f13_1.o(.constdata)
    acFont13_1_00CB                          0x08013239   Data          13  f13_1.o(.constdata)
    acFont13_1_00CC                          0x08013246   Data          13  f13_1.o(.constdata)
    acFont13_1_00CD                          0x08013253   Data          13  f13_1.o(.constdata)
    acFont13_1_00CE                          0x08013260   Data          13  f13_1.o(.constdata)
    acFont13_1_00CF                          0x0801326d   Data          13  f13_1.o(.constdata)
    acFont13_1_00D0                          0x0801327a   Data          13  f13_1.o(.constdata)
    acFont13_1_00D1                          0x08013287   Data          13  f13_1.o(.constdata)
    acFont13_1_00D2                          0x08013294   Data          13  f13_1.o(.constdata)
    acFont13_1_00D3                          0x080132a1   Data          13  f13_1.o(.constdata)
    acFont13_1_00D4                          0x080132ae   Data          13  f13_1.o(.constdata)
    acFont13_1_00D5                          0x080132bb   Data          13  f13_1.o(.constdata)
    acFont13_1_00D6                          0x080132c8   Data          13  f13_1.o(.constdata)
    acFont13_1_00D7                          0x080132d5   Data          13  f13_1.o(.constdata)
    acFont13_1_00D8                          0x080132e2   Data          13  f13_1.o(.constdata)
    acFont13_1_00D9                          0x080132ef   Data          13  f13_1.o(.constdata)
    acFont13_1_00DA                          0x080132fc   Data          13  f13_1.o(.constdata)
    acFont13_1_00DB                          0x08013309   Data          13  f13_1.o(.constdata)
    acFont13_1_00DC                          0x08013316   Data          13  f13_1.o(.constdata)
    acFont13_1_00DD                          0x08013323   Data          13  f13_1.o(.constdata)
    acFont13_1_00DE                          0x08013330   Data          13  f13_1.o(.constdata)
    acFont13_1_00DF                          0x0801333d   Data          13  f13_1.o(.constdata)
    acFont13_1_00E0                          0x0801334a   Data          13  f13_1.o(.constdata)
    acFont13_1_00E1                          0x08013357   Data          13  f13_1.o(.constdata)
    acFont13_1_00E2                          0x08013364   Data          13  f13_1.o(.constdata)
    acFont13_1_00E3                          0x08013371   Data          13  f13_1.o(.constdata)
    acFont13_1_00E4                          0x0801337e   Data          13  f13_1.o(.constdata)
    acFont13_1_00E5                          0x0801338b   Data          13  f13_1.o(.constdata)
    acFont13_1_00E6                          0x08013398   Data          26  f13_1.o(.constdata)
    acFont13_1_00E7                          0x080133b2   Data          13  f13_1.o(.constdata)
    acFont13_1_00E8                          0x080133bf   Data          13  f13_1.o(.constdata)
    acFont13_1_00E9                          0x080133cc   Data          13  f13_1.o(.constdata)
    acFont13_1_00EA                          0x080133d9   Data          13  f13_1.o(.constdata)
    acFont13_1_00EB                          0x080133e6   Data          13  f13_1.o(.constdata)
    acFont13_1_00EC                          0x080133f3   Data          13  f13_1.o(.constdata)
    acFont13_1_00ED                          0x08013400   Data          13  f13_1.o(.constdata)
    acFont13_1_00EE                          0x0801340d   Data          13  f13_1.o(.constdata)
    acFont13_1_00EF                          0x0801341a   Data          13  f13_1.o(.constdata)
    acFont13_1_00F0                          0x08013427   Data          13  f13_1.o(.constdata)
    acFont13_1_00F1                          0x08013434   Data          13  f13_1.o(.constdata)
    acFont13_1_00F2                          0x08013441   Data          13  f13_1.o(.constdata)
    acFont13_1_00F3                          0x0801344e   Data          13  f13_1.o(.constdata)
    acFont13_1_00F4                          0x0801345b   Data          13  f13_1.o(.constdata)
    acFont13_1_00F5                          0x08013468   Data          13  f13_1.o(.constdata)
    acFont13_1_00F6                          0x08013475   Data          13  f13_1.o(.constdata)
    acFont13_1_00F7                          0x08013482   Data          13  f13_1.o(.constdata)
    acFont13_1_00F8                          0x0801348f   Data          13  f13_1.o(.constdata)
    acFont13_1_00F9                          0x0801349c   Data          13  f13_1.o(.constdata)
    acFont13_1_00FA                          0x080134a9   Data          13  f13_1.o(.constdata)
    acFont13_1_00FB                          0x080134b6   Data          13  f13_1.o(.constdata)
    acFont13_1_00FC                          0x080134c3   Data          13  f13_1.o(.constdata)
    acFont13_1_00FD                          0x080134d0   Data          13  f13_1.o(.constdata)
    acFont13_1_00FE                          0x080134dd   Data          13  f13_1.o(.constdata)
    acFont13_1_00FF                          0x080134ea   Data          13  f13_1.o(.constdata)
    GUI_Font13_1_CharInfo                    0x080134f8   Data         768  f13_1.o(.constdata)
    GUI_Font13_1_Prop1                       0x080137f8   Data          12  f13_1.o(.constdata)
    GUI_Font13_1                             0x08013804   Data          32  f13_1.o(.constdata)
    acFont13ASCII_0020                       0x08013824   Data          13  f13_ascii.o(.constdata)
    acFont13ASCII_0021                       0x08013831   Data          13  f13_ascii.o(.constdata)
    acFont13ASCII_0022                       0x0801383e   Data          13  f13_ascii.o(.constdata)
    acFont13ASCII_0023                       0x0801384b   Data          13  f13_ascii.o(.constdata)
    acFont13ASCII_0024                       0x08013858   Data          13  f13_ascii.o(.constdata)
    acFont13ASCII_0025                       0x08013865   Data          26  f13_ascii.o(.constdata)
    acFont13ASCII_0026                       0x0801387f   Data          13  f13_ascii.o(.constdata)
    acFont13ASCII_0027                       0x0801388c   Data          13  f13_ascii.o(.constdata)
    acFont13ASCII_0028                       0x08013899   Data          13  f13_ascii.o(.constdata)
    acFont13ASCII_0029                       0x080138a6   Data          13  f13_ascii.o(.constdata)
    acFont13ASCII_002A                       0x080138b3   Data          13  f13_ascii.o(.constdata)
    acFont13ASCII_002B                       0x080138c0   Data          13  f13_ascii.o(.constdata)
    acFont13ASCII_002C                       0x080138cd   Data          13  f13_ascii.o(.constdata)
    acFont13ASCII_002D                       0x080138da   Data          13  f13_ascii.o(.constdata)
    acFont13ASCII_002E                       0x080138e7   Data          13  f13_ascii.o(.constdata)
    acFont13ASCII_002F                       0x080138f4   Data          13  f13_ascii.o(.constdata)
    acFont13ASCII_0030                       0x08013901   Data          13  f13_ascii.o(.constdata)
    acFont13ASCII_0031                       0x0801390e   Data          13  f13_ascii.o(.constdata)
    acFont13ASCII_0032                       0x0801391b   Data          13  f13_ascii.o(.constdata)
    acFont13ASCII_0033                       0x08013928   Data          13  f13_ascii.o(.constdata)
    acFont13ASCII_0034                       0x08013935   Data          13  f13_ascii.o(.constdata)
    acFont13ASCII_0035                       0x08013942   Data          13  f13_ascii.o(.constdata)
    acFont13ASCII_0036                       0x0801394f   Data          13  f13_ascii.o(.constdata)
    acFont13ASCII_0037                       0x0801395c   Data          13  f13_ascii.o(.constdata)
    acFont13ASCII_0038                       0x08013969   Data          13  f13_ascii.o(.constdata)
    acFont13ASCII_0039                       0x08013976   Data          13  f13_ascii.o(.constdata)
    acFont13ASCII_003A                       0x08013983   Data          13  f13_ascii.o(.constdata)
    acFont13ASCII_003B                       0x08013990   Data          13  f13_ascii.o(.constdata)
    acFont13ASCII_003C                       0x0801399d   Data          13  f13_ascii.o(.constdata)
    acFont13ASCII_003D                       0x080139aa   Data          13  f13_ascii.o(.constdata)
    acFont13ASCII_003E                       0x080139b7   Data          13  f13_ascii.o(.constdata)
    acFont13ASCII_003F                       0x080139c4   Data          13  f13_ascii.o(.constdata)
    acFont13ASCII_0040                       0x080139d1   Data          26  f13_ascii.o(.constdata)
    acFont13ASCII_0041                       0x080139eb   Data          13  f13_ascii.o(.constdata)
    acFont13ASCII_0042                       0x080139f8   Data          13  f13_ascii.o(.constdata)
    acFont13ASCII_0043                       0x08013a05   Data          13  f13_ascii.o(.constdata)
    acFont13ASCII_0044                       0x08013a12   Data          13  f13_ascii.o(.constdata)
    acFont13ASCII_0045                       0x08013a1f   Data          13  f13_ascii.o(.constdata)
    acFont13ASCII_0046                       0x08013a2c   Data          13  f13_ascii.o(.constdata)
    acFont13ASCII_0047                       0x08013a39   Data          13  f13_ascii.o(.constdata)
    acFont13ASCII_0048                       0x08013a46   Data          13  f13_ascii.o(.constdata)
    acFont13ASCII_0049                       0x08013a53   Data          13  f13_ascii.o(.constdata)
    acFont13ASCII_004A                       0x08013a60   Data          13  f13_ascii.o(.constdata)
    acFont13ASCII_004B                       0x08013a6d   Data          13  f13_ascii.o(.constdata)
    acFont13ASCII_004C                       0x08013a7a   Data          13  f13_ascii.o(.constdata)
    acFont13ASCII_004D                       0x08013a87   Data          13  f13_ascii.o(.constdata)
    acFont13ASCII_004E                       0x08013a94   Data          13  f13_ascii.o(.constdata)
    acFont13ASCII_004F                       0x08013aa1   Data          13  f13_ascii.o(.constdata)
    acFont13ASCII_0050                       0x08013aae   Data          13  f13_ascii.o(.constdata)
    acFont13ASCII_0051                       0x08013abb   Data          13  f13_ascii.o(.constdata)
    acFont13ASCII_0052                       0x08013ac8   Data          13  f13_ascii.o(.constdata)
    acFont13ASCII_0053                       0x08013ad5   Data          13  f13_ascii.o(.constdata)
    acFont13ASCII_0054                       0x08013ae2   Data          13  f13_ascii.o(.constdata)
    acFont13ASCII_0055                       0x08013aef   Data          13  f13_ascii.o(.constdata)
    acFont13ASCII_0056                       0x08013afc   Data          13  f13_ascii.o(.constdata)
    acFont13ASCII_0057                       0x08013b09   Data          26  f13_ascii.o(.constdata)
    acFont13ASCII_0058                       0x08013b23   Data          13  f13_ascii.o(.constdata)
    acFont13ASCII_0059                       0x08013b30   Data          13  f13_ascii.o(.constdata)
    acFont13ASCII_005A                       0x08013b3d   Data          13  f13_ascii.o(.constdata)
    acFont13ASCII_005B                       0x08013b4a   Data          13  f13_ascii.o(.constdata)
    acFont13ASCII_005C                       0x08013b57   Data          13  f13_ascii.o(.constdata)
    acFont13ASCII_005D                       0x08013b64   Data          13  f13_ascii.o(.constdata)
    acFont13ASCII_005E                       0x08013b71   Data          13  f13_ascii.o(.constdata)
    acFont13ASCII_005F                       0x08013b7e   Data          13  f13_ascii.o(.constdata)
    acFont13ASCII_0060                       0x08013b8b   Data          13  f13_ascii.o(.constdata)
    acFont13ASCII_0061                       0x08013b98   Data          13  f13_ascii.o(.constdata)
    acFont13ASCII_0062                       0x08013ba5   Data          13  f13_ascii.o(.constdata)
    acFont13ASCII_0063                       0x08013bb2   Data          13  f13_ascii.o(.constdata)
    acFont13ASCII_0064                       0x08013bbf   Data          13  f13_ascii.o(.constdata)
    acFont13ASCII_0065                       0x08013bcc   Data          13  f13_ascii.o(.constdata)
    acFont13ASCII_0066                       0x08013bd9   Data          13  f13_ascii.o(.constdata)
    acFont13ASCII_0067                       0x08013be6   Data          13  f13_ascii.o(.constdata)
    acFont13ASCII_0068                       0x08013bf3   Data          13  f13_ascii.o(.constdata)
    acFont13ASCII_0069                       0x08013c00   Data          13  f13_ascii.o(.constdata)
    acFont13ASCII_006A                       0x08013c0d   Data          13  f13_ascii.o(.constdata)
    acFont13ASCII_006B                       0x08013c1a   Data          13  f13_ascii.o(.constdata)
    acFont13ASCII_006C                       0x08013c27   Data          13  f13_ascii.o(.constdata)
    acFont13ASCII_006D                       0x08013c34   Data          13  f13_ascii.o(.constdata)
    acFont13ASCII_006E                       0x08013c41   Data          13  f13_ascii.o(.constdata)
    acFont13ASCII_006F                       0x08013c4e   Data          13  f13_ascii.o(.constdata)
    acFont13ASCII_0070                       0x08013c5b   Data          13  f13_ascii.o(.constdata)
    acFont13ASCII_0071                       0x08013c68   Data          13  f13_ascii.o(.constdata)
    acFont13ASCII_0072                       0x08013c75   Data          13  f13_ascii.o(.constdata)
    acFont13ASCII_0073                       0x08013c82   Data          13  f13_ascii.o(.constdata)
    acFont13ASCII_0074                       0x08013c8f   Data          13  f13_ascii.o(.constdata)
    acFont13ASCII_0075                       0x08013c9c   Data          13  f13_ascii.o(.constdata)
    acFont13ASCII_0076                       0x08013ca9   Data          13  f13_ascii.o(.constdata)
    acFont13ASCII_0077                       0x08013cb6   Data          13  f13_ascii.o(.constdata)
    acFont13ASCII_0078                       0x08013cc3   Data          13  f13_ascii.o(.constdata)
    acFont13ASCII_0079                       0x08013cd0   Data          13  f13_ascii.o(.constdata)
    acFont13ASCII_007A                       0x08013cdd   Data          13  f13_ascii.o(.constdata)
    acFont13ASCII_007B                       0x08013cea   Data          13  f13_ascii.o(.constdata)
    acFont13ASCII_007C                       0x08013cf7   Data          13  f13_ascii.o(.constdata)
    acFont13ASCII_007D                       0x08013d04   Data          13  f13_ascii.o(.constdata)
    acFont13ASCII_007E                       0x08013d11   Data          13  f13_ascii.o(.constdata)
    GUI_Font13ASCII_CharInfo                 0x08013d20   Data         760  f13_ascii.o(.constdata)
    GUI_Font13ASCII_Prop1                    0x08014018   Data          12  f13_ascii.o(.constdata)
    GUI_Font13_ASCII                         0x08014024   Data          32  f13_ascii.o(.constdata)
    asc2_1206                                0x08014044   Data        1140  ili93xx.o(.constdata)
    asc2_1608                                0x080144b8   Data        1520  ili93xx.o(.constdata)
    GUI_MEMDEV__APIList16                    0x08014ac8   Data          64  guidev_16.o(.constdata)
    Region$$Table$$Base                      0x08014c94   Number         0  anon$$obj.o(Region$$Table)
    Region$$Table$$Limit                     0x08014cb4   Number         0  anon$$obj.o(Region$$Table)
    sEventData                               0x20000000   Data         100  ostk.o(.data)
    pListHand                                0x2000006e   Data           2  ostk.o(.data)
    ECUNameData                              0x20000074   Data          32  framewindlg.o(.data)
    NotifButton                              0x20000094   Data           8  framewindlg.o(.data)
    bFlash                                   0x2000009c   Data           4  framewindlg.o(.data)
    __stdout                                 0x200000a4   Data           4  usart.o(.data)
    BUTTON__DefaultProps                     0x200000b0   Data          32  button.o(.data)
    EDIT__DefaultProps                       0x200000d4   Data          28  edit.o(.data)
    FRAMEWIN__DefaultProps                   0x200000f8   Data          32  framewin.o(.data)
    LISTVIEW_DefaultProps                    0x20000138   Data          32  listview.o(.data)
    MENU__DefaultProps                       0x20000158   Data          48  menu.o(.data)
    MENU__pDefaultEffect                     0x20000188   Data           4  menu.o(.data)
    _pEffectDefault                          0x20000194   Data           4  widget.o(.data)
    WM__NumWindows                           0x20000198   Data           2  wm.o(.data)
    WM__NumInvalidWindows                    0x2000019a   Data           2  wm.o(.data)
    WM__FirstWin                             0x2000019c   Data           2  wm.o(.data)
    WM__pFirstCriticalHandle                 0x200001a0   Data           4  wm.o(.data)
    WM__ahDesktopWin                         0x200001a4   Data           2  wm.o(.data)
    WM__aBkColor                             0x200001a8   Data           4  wm.o(.data)
    WM_IsActive                              0x200001ac   Data           1  wm.o(.data)
    WM__CreateFlags                          0x200001ae   Data           2  wm.o(.data)
    WM__hCapture                             0x200001b0   Data           2  wm.o(.data)
    WM__hWinFocus                            0x200001b2   Data           2  wm.o(.data)
    WM__CaptureReleaseAuto                   0x200001b4   Data           1  wm.o(.data)
    WM_pfPollPID                             0x200001b8   Data           4  wm.o(.data)
    WM__PaintCallbackCnt                     0x200001bc   Data           1  wm.o(.data)
    WM__TransWindowCnt                       0x200001c0   Data           4  wm.o(.data)
    WM__hATransWindow                        0x200001c4   Data           2  wm.o(.data)
    WM__CHWinModal                           0x200001d0   Data           8  wmtouch.o(.data)
    WM__CHWinLast                            0x200001d8   Data           8  wmtouch.o(.data)
    GUI_pfKeyMsgHook                         0x200001f4   Data           4  gui_onkey.o(.data)
    GUI_DecChar                              0x20000238   Data           1  guicore.o(.data)
    GUI_pfTimerExec                          0x2000023c   Data           4  guicore.o(.data)
    WM_pfHandlePID                           0x20000240   Data           4  guicore.o(.data)
    GUI_pfDispCharStyle                      0x20000244   Data           4  guicore.o(.data)
    GUI_pLCD_APIList                         0x20000248   Data           4  guicore.o(.data)
    GUI_CURSOR_pfTempHide                    0x2000024c   Data           4  guicore.o(.data)
    GUI_CURSOR_pfTempUnhide                  0x20000250   Data           4  guicore.o(.data)
    hFirstTimer                              0x20000284   Data           2  guitimer.o(.data)
    _hActiveTimer                            0x20000286   Data           2  guitimer.o(.data)
    LCD_aAPI                                 0x20000288   Data           4  lcd_api.o(.data)
    POINT_COLOR                              0x2000028c   Data           2  ili93xx.o(.data)
    BACK_COLOR                               0x2000028e   Data           2  ili93xx.o(.data)
    DeviceCode                               0x20000290   Data           2  ili93xx.o(.data)
    OS_TimeMS                                0x20000294   Data           4  gui_x.o(.data)
    sCANBuffData                             0x20000298   Data        1000  ostk.o(.bss)
    u32BuffDataTimes                         0x20000680   Data         400  ostk.o(.bss)
    WM_PID__StateLast                        0x20000810   Data          12  wm.o(.bss)
    GUI_Heap                                 0x20000870   Data        5000  guialloc.o(.bss)
    GUI_ALLOC                                0x20001fac   Data          20  guialloc.o(.bss)
    GUI_Context                              0x20001fc0   Data          96  guicore.o(.bss)
    LCD__aConvTable                          0x20002020   Data         512  lcdcolor.o(.bss)
    __libspace_start                         0x20002220   Data          96  libspace.o(.bss)
    __temporary_stack_top$libspace           0x20002280   Data           0  libspace.o(.bss)



==============================================================================

Memory Map of the image

  Image Entry point : 0x080000ed

  Load Region LR_IROM1 (Base: 0x08000000, Size: 0x00014f4c, Max: 0x00040000, ABSOLUTE, COMPRESSED[0x00014d94])

    Execution Region ER_IROM1 (Base: 0x08000000, Size: 0x00014cb4, Max: 0x00040000, ABSOLUTE)

    Base Addr    Size         Type   Attr      Idx    E Section Name        Object

    0x08000000   0x000000ec   Data   RO            3    RESET               stm32f10x.o
    0x080000ec   0x00000008   Code   RO         8720  * !!!main             c_w.l(__main.o)
    0x080000f4   0x00000034   Code   RO         9056    !!!scatter          c_w.l(__scatter.o)
    0x08000128   0x0000005a   Code   RO         9054    !!dczerorl2         c_w.l(__dczerorl2.o)
    0x08000182   0x00000002   PAD
    0x08000184   0x0000001c   Code   RO         9058    !!handler_zi        c_w.l(__scatter_zi.o)
    0x080001a0   0x00000000   Code   RO         8699    .ARM.Collect$$_printf_percent$$00000000  c_w.l(_printf_percent.o)
    0x080001a0   0x00000006   Code   RO         8698    .ARM.Collect$$_printf_percent$$00000009  c_w.l(_printf_d.o)
    0x080001a6   0x00000006   Code   RO         8697    .ARM.Collect$$_printf_percent$$0000000C  c_w.l(_printf_x.o)
    0x080001ac   0x00000004   Code   RO         8829    .ARM.Collect$$_printf_percent$$00000017  c_w.l(_printf_percent_end.o)
    0x080001b0   0x00000002   Code   RO         8925    .ARM.Collect$$libinit$$00000000  c_w.l(libinit.o)
    0x080001b2   0x00000000   Code   RO         8931    .ARM.Collect$$libinit$$00000002  c_w.l(libinit2.o)
    0x080001b2   0x00000000   Code   RO         8933    .ARM.Collect$$libinit$$00000004  c_w.l(libinit2.o)
    0x080001b2   0x00000000   Code   RO         8936    .ARM.Collect$$libinit$$0000000A  c_w.l(libinit2.o)
    0x080001b2   0x00000000   Code   RO         8938    .ARM.Collect$$libinit$$0000000C  c_w.l(libinit2.o)
    0x080001b2   0x00000000   Code   RO         8940    .ARM.Collect$$libinit$$0000000E  c_w.l(libinit2.o)
    0x080001b2   0x00000000   Code   RO         8943    .ARM.Collect$$libinit$$00000011  c_w.l(libinit2.o)
    0x080001b2   0x00000000   Code   RO         8945    .ARM.Collect$$libinit$$00000013  c_w.l(libinit2.o)
    0x080001b2   0x00000000   Code   RO         8947    .ARM.Collect$$libinit$$00000015  c_w.l(libinit2.o)
    0x080001b2   0x00000000   Code   RO         8949    .ARM.Collect$$libinit$$00000017  c_w.l(libinit2.o)
    0x080001b2   0x00000000   Code   RO         8951    .ARM.Collect$$libinit$$00000019  c_w.l(libinit2.o)
    0x080001b2   0x00000000   Code   RO         8953    .ARM.Collect$$libinit$$0000001B  c_w.l(libinit2.o)
    0x080001b2   0x00000000   Code   RO         8955    .ARM.Collect$$libinit$$0000001D  c_w.l(libinit2.o)
    0x080001b2   0x00000000   Code   RO         8957    .ARM.Collect$$libinit$$0000001F  c_w.l(libinit2.o)
    0x080001b2   0x00000000   Code   RO         8959    .ARM.Collect$$libinit$$00000021  c_w.l(libinit2.o)
    0x080001b2   0x00000000   Code   RO         8961    .ARM.Collect$$libinit$$00000023  c_w.l(libinit2.o)
    0x080001b2   0x00000000   Code   RO         8963    .ARM.Collect$$libinit$$00000025  c_w.l(libinit2.o)
    0x080001b2   0x00000000   Code   RO         8967    .ARM.Collect$$libinit$$0000002C  c_w.l(libinit2.o)
    0x080001b2   0x00000000   Code   RO         8969    .ARM.Collect$$libinit$$0000002E  c_w.l(libinit2.o)
    0x080001b2   0x00000000   Code   RO         8971    .ARM.Collect$$libinit$$00000030  c_w.l(libinit2.o)
    0x080001b2   0x00000000   Code   RO         8973    .ARM.Collect$$libinit$$00000032  c_w.l(libinit2.o)
    0x080001b2   0x00000002   Code   RO         8974    .ARM.Collect$$libinit$$00000033  c_w.l(libinit2.o)
    0x080001b4   0x00000002   Code   RO         8996    .ARM.Collect$$libshutdown$$00000000  c_w.l(libshutdown.o)
    0x080001b6   0x00000000   Code   RO         9006    .ARM.Collect$$libshutdown$$00000002  c_w.l(libshutdown2.o)
    0x080001b6   0x00000000   Code   RO         9008    .ARM.Collect$$libshutdown$$00000004  c_w.l(libshutdown2.o)
    0x080001b6   0x00000000   Code   RO         9011    .ARM.Collect$$libshutdown$$00000007  c_w.l(libshutdown2.o)
    0x080001b6   0x00000000   Code   RO         9014    .ARM.Collect$$libshutdown$$0000000A  c_w.l(libshutdown2.o)
    0x080001b6   0x00000000   Code   RO         9016    .ARM.Collect$$libshutdown$$0000000C  c_w.l(libshutdown2.o)
    0x080001b6   0x00000000   Code   RO         9019    .ARM.Collect$$libshutdown$$0000000F  c_w.l(libshutdown2.o)
    0x080001b6   0x00000002   Code   RO         9020    .ARM.Collect$$libshutdown$$00000010  c_w.l(libshutdown2.o)
    0x080001b8   0x00000000   Code   RO         8818    .ARM.Collect$$rtentry$$00000000  c_w.l(__rtentry.o)
    0x080001b8   0x00000000   Code   RO         8880    .ARM.Collect$$rtentry$$00000002  c_w.l(__rtentry2.o)
    0x080001b8   0x00000006   Code   RO         8892    .ARM.Collect$$rtentry$$00000004  c_w.l(__rtentry4.o)
    0x080001be   0x00000000   Code   RO         8882    .ARM.Collect$$rtentry$$00000009  c_w.l(__rtentry2.o)
    0x080001be   0x00000004   Code   RO         8883    .ARM.Collect$$rtentry$$0000000A  c_w.l(__rtentry2.o)
    0x080001c2   0x00000000   Code   RO         8885    .ARM.Collect$$rtentry$$0000000C  c_w.l(__rtentry2.o)
    0x080001c2   0x00000008   Code   RO         8886    .ARM.Collect$$rtentry$$0000000D  c_w.l(__rtentry2.o)
    0x080001ca   0x00000002   Code   RO         8928    .ARM.Collect$$rtexit$$00000000  c_w.l(rtexit.o)
    0x080001cc   0x00000000   Code   RO         8978    .ARM.Collect$$rtexit$$00000002  c_w.l(rtexit2.o)
    0x080001cc   0x00000004   Code   RO         8979    .ARM.Collect$$rtexit$$00000003  c_w.l(rtexit2.o)
    0x080001d0   0x00000006   Code   RO         8980    .ARM.Collect$$rtexit$$00000004  c_w.l(rtexit2.o)
    0x080001d6   0x00000002   PAD
    0x080001d8   0x00000002   Code   RO          238    .emb_text           sys.o
    0x080001da   0x00000002   PAD
    0x080001dc   0x00000034   Code   RO            4    .text               stm32f10x.o
    0x08000210   0x00000050   Code   RO           10    .text               test.o
    0x08000260   0x00000294   Code   RO          142    .text               ostk.o
    0x080004f4   0x00000370   Code   RO          184    .text               framewindlg.o
    0x08000864   0x000000b0   Code   RO          224    .text               delay.o
    0x08000914   0x000002dc   Code   RO          239    .text               sys.o
    0x08000bf0   0x000000e4   Code   RO          254    .text               usart.o
    0x08000cd4   0x00000070   Code   RO          273    .text               led.o
    0x08000d44   0x0000035c   Code   RO          285    .text               touch.o
    0x080010a0   0x00000110   Code   RO          301    .text               timer.o
    0x080011b0   0x00000374   Code   RO          314    .text               button.o
    0x08001524   0x00000050   Code   RO          394    .text               button_createindirect.o
    0x08001574   0x00000138   Code   RO          699    .text               dialog.o
    0x080016ac   0x00000a74   Code   RO          833    .text               edit.o
    0x08002120   0x0000005c   Code   RO          863    .text               edit_createindirect.o
    0x0800217c   0x0000079c   Code   RO         1011    .text               framewin.o
    0x08002918   0x0000004e   Code   RO         1120    .text               framewin_createindirect.o
    0x08002966   0x00000002   PAD
    0x08002968   0x0000007c   Code   RO         1132    .text               framewin_default.o
    0x080029e4   0x000000ac   Code   RO         1192    .text               framewin_setcolors.o
    0x08002a90   0x000001a4   Code   RO         1255    .text               gui_array.o
    0x08002c34   0x00000050   Code   RO         1267    .text               gui_array_deleteitem.o
    0x08002c84   0x0000005a   Code   RO         1291    .text               gui_array_resizeitem.o
    0x08002cde   0x0000005e   Code   RO         1303    .text               gui_draw.o
    0x08002d3c   0x0000085c   Code   RO         1443    .text               header.o
    0x08003598   0x0000099c   Code   RO         1782    .text               listview.o
    0x08003f34   0x000000f0   Code   RO         1852    .text               listview_deleterow.o
    0x08004024   0x00000020   Code   RO         1900    .text               listview_getnumcolumns.o
    0x08004044   0x00000020   Code   RO         1912    .text               listview_getnumrows.o
    0x08004064   0x0000001a   Code   RO         1924    .text               listview_getsel.o
    0x0800407e   0x0000006c   Code   RO         2008    .text               listview_setitemtext.o
    0x080040ea   0x0000006e   Code   RO         2056    .text               listview_setsel.o
    0x08004158   0x00000f4c   Code   RO         2092    .text               menu.o
    0x080050a4   0x00000048   Code   RO         2138    .text               menu_createindirect.o
    0x080050ec   0x00000230   Code   RO         2318    .text               messagebox.o
    0x0800531c   0x00000160   Code   RO         2747    .text               text.o
    0x0800547c   0x0000004e   Code   RO         2776    .text               text_createindirect.o
    0x080054ca   0x0000001e   Code   RO         2824    .text               text_settextalign.o
    0x080054e8   0x0000001c   Code   RO         2836    .text               text_settextcolor.o
    0x08005504   0x00000490   Code   RO         2848    .text               widget.o
    0x08005994   0x000001ac   Code   RO         2863    .text               widget_effect_3d.o
    0x08005b40   0x00000110   Code   RO         2882    .text               widget_effect_3d1l.o
    0x08005c50   0x00000120   Code   RO         2958    .text               widget_fillstringinrect.o
    0x08005d70   0x0000001e   Code   RO         2970    .text               widget_seteffect.o
    0x08005d8e   0x00000002   PAD
    0x08005d90   0x00001084   Code   RO         3025    .text               wm.o
    0x08006e14   0x0000003c   Code   RO         3051    .text               wm__foreachdesc.o
    0x08006e50   0x0000001e   Code   RO         3063    .text               wm__getfirstsibling.o
    0x08006e6e   0x00000002   PAD
    0x08006e70   0x00000024   Code   RO         3075    .text               wm__getfocussedchild.o
    0x08006e94   0x00000036   Code   RO         3111    .text               wm__getprevsibling.o
    0x08006eca   0x0000004e   Code   RO         3123    .text               wm__isancestor.o
    0x08006f18   0x00000028   Code   RO         3135    .text               wm__ischild.o
    0x08006f40   0x0000001a   Code   RO         3147    .text               wm__isenabled.o
    0x08006f5a   0x00000024   Code   RO         3183    .text               wm__sendmessage.o
    0x08006f7e   0x00000018   Code   RO         3195    .text               wm__sendmessageifenabled.o
    0x08006f96   0x00000028   Code   RO         3207    .text               wm__sendmessagenopara.o
    0x08006fbe   0x00000186   Code   RO         3219    .text               wm__updatechildpositions.o
    0x08007144   0x000000ae   Code   RO         3231    .text               wm_attachwindow.o
    0x080071f2   0x00000048   Code   RO         3243    .text               wm_bringtobottom.o
    0x0800723a   0x00000002   PAD
    0x0800723c   0x00000088   Code   RO         3255    .text               wm_bringtotop.o
    0x080072c4   0x00000076   Code   RO         3279    .text               wm_checkscrollpos.o
    0x0800733a   0x00000002   PAD
    0x0800733c   0x00000050   Code   RO         3291    .text               wm_criticalhandle.o
    0x0800738c   0x00000014   Code   RO         3327    .text               wm_foreachdesc.o
    0x080073a0   0x0000001c   Code   RO         3339    .text               wm_getbkcolor.o
    0x080073bc   0x00000048   Code   RO         3351    .text               wm_getclientrect.o
    0x08007404   0x0000001a   Code   RO         3363    .text               wm_getclientwindow.o
    0x0800741e   0x00000002   PAD
    0x08007420   0x0000000c   Code   RO         3375    .text               wm_getdesktopwindow.o
    0x0800742c   0x00000062   Code   RO         3415    .text               wm_getdialogitem.o
    0x0800748e   0x00000014   Code   RO         3427    .text               wm_getfirstchild.o
    0x080074a2   0x00000014   Code   RO         3439    .text               wm_getflags.o
    0x080074b6   0x00000014   Code   RO         3463    .text               wm_getid.o
    0x080074ca   0x00000002   PAD
    0x080074cc   0x0000002c   Code   RO         3475    .text               wm_getinsiderect.o
    0x080074f8   0x000000be   Code   RO         3487    .text               wm_getinsiderectexscrollbar.o
    0x080075b6   0x00000002   PAD
    0x080075b8   0x0000004c   Code   RO         3523    .text               wm_getorg.o
    0x08007604   0x00000014   Code   RO         3535    .text               wm_getparent.o
    0x08007618   0x0000001c   Code   RO         3559    .text               wm_getscrollbar.o
    0x08007634   0x00000016   Code   RO         3583    .text               wm_getscrollstate.o
    0x0800764a   0x00000002   PAD
    0x0800764c   0x00000058   Code   RO         3595    .text               wm_getwindowrect.o
    0x080076a4   0x00000070   Code   RO         3607    .text               wm_getwindowsize.o
    0x08007714   0x00000018   Code   RO         3619    .text               wm_hascaptured.o
    0x0800772c   0x00000020   Code   RO         3679    .text               wm_isfocussable.o
    0x0800774c   0x00000010   Code   RO         3703    .text               wm_iswindow.o
    0x0800775c   0x00000100   Code   RO         3727    .text               wm_move.o
    0x0800785c   0x00000050   Code   RO         3739    .text               wm_movechildto.o
    0x080078ac   0x00000016   Code   RO         3751    .text               wm_notifyparent.o
    0x080078c2   0x00000002   PAD
    0x080078c4   0x00000038   Code   RO         3763    .text               wm_onkey.o
    0x080078fc   0x00000042   Code   RO         3775    .text               wm_paint.o
    0x0800793e   0x00000002   PAD
    0x08007940   0x00000010   Code   RO         3787    .text               wm_pid__getprevstate.o
    0x08007950   0x000000ea   Code   RO         3799    .text               wm_resizewindow.o
    0x08007a3a   0x00000002   PAD
    0x08007a3c   0x000000cc   Code   RO         3811    .text               wm_screen2win.o
    0x08007b08   0x00000010   Code   RO         3823    .text               wm_sendmessagenopara.o
    0x08007b18   0x00000020   Code   RO         3835    .text               wm_sendtoparent.o
    0x08007b38   0x00000050   Code   RO         3871    .text               wm_setcapture.o
    0x08007b88   0x00000098   Code   RO         3883    .text               wm_setcapturemove.o
    0x08007c20   0x00000010   Code   RO         3897    .text               wm_setcreateflags.o
    0x08007c30   0x00000054   Code   RO         3909    .text               wm_setdesktopcolor.o
    0x08007c84   0x000000a8   Code   RO         3921    .text               wm_setfocus.o
    0x08007d2c   0x00000090   Code   RO         3933    .text               wm_setfocusonnextchild.o
    0x08007dbc   0x0000001c   Code   RO         3993    .text               wm_setscrollstate.o
    0x08007dd8   0x00000042   Code   RO         4005    .text               wm_setsize.o
    0x08007e1a   0x00000002   PAD
    0x08007e1c   0x00000080   Code   RO         4017    .text               wm_settrans.o
    0x08007e9c   0x00000018   Code   RO         4041    .text               wm_setusercliprect.o
    0x08007eb4   0x00000058   Code   RO         4077    .text               wm_show.o
    0x08007f0c   0x00000016   Code   RO         4101    .text               wm_timer.o
    0x08007f22   0x00000002   PAD
    0x08007f24   0x00000030   Code   RO         4149    .text               wm_validatewindow.o
    0x08007f54   0x0000003a   Code   RO         4161    .text               wmmemdev.o
    0x08007f8e   0x00000002   PAD
    0x08007f90   0x00000224   Code   RO         4173    .text               wmtouch.o
    0x080081b4   0x00000020   Code   RO         4591    .text               lcdpm565.o
    0x080081d4   0x000000c4   Code   RO         4685    .text               gui__calctextrect.o
    0x08008298   0x00000014   Code   RO         4721    .text               gui__getfontsizey.o
    0x080082ac   0x0000001a   Code   RO         4733    .text               gui__getnumchars.o
    0x080082c6   0x00000018   Code   RO         4749    .text               gui__handleeoline.o
    0x080082de   0x00000042   Code   RO         4761    .text               gui__intersectrect.o
    0x08008320   0x00000088   Code   RO         4773    .text               gui__intersectrects.o
    0x080083a8   0x00000056   Code   RO         4785    .text               gui__memset.o
    0x080083fe   0x0000004e   Code   RO         4797    .text               gui__memset16.o
    0x0800844c   0x00000022   Code   RO         4821    .text               gui__reducerect.o
    0x0800846e   0x00000050   Code   RO         4833    .text               gui__settext.o
    0x080084be   0x00000002   PAD
    0x080084c0   0x00000050   Code   RO         4845    .text               gui__strcmp.o
    0x08008510   0x00000016   Code   RO         4857    .text               gui__strlen.o
    0x08008526   0x00000040   Code   RO         4962    .text               gui_alloc_allocinit.o
    0x08008566   0x00000022   Code   RO         4974    .text               gui_alloc_alloczero.o
    0x08008588   0x0000001a   Code   RO         5022    .text               gui_clearrectex.o
    0x080085a2   0x00000002   PAD
    0x080085a4   0x00000144   Code   RO         5461    .text               gui_dispstring.o
    0x080086e8   0x00000020   Code   RO         5473    .text               gui_dispstringat.o
    0x08008708   0x000001d8   Code   RO         5509    .text               gui_dispstringinrect.o
    0x080088e0   0x000000c4   Code   RO         5606    .text               gui_drawfocusrect.o
    0x080089a4   0x00000058   Code   RO         5630    .text               gui_drawhline.o
    0x080089fc   0x00000054   Code   RO         5690    .text               gui_drawvline.o
    0x08008a50   0x00000038   Code   RO         5714    .text               gui_exec.o
    0x08008a88   0x0000033c   Code   RO         5726    .text               gui_fillpolygon.o
    0x08008dc4   0x00000064   Code   RO         5741    .text               gui_fillrect.o
    0x08008e28   0x0000001a   Code   RO         5753    .text               gui_fillrectex.o
    0x08008e42   0x000000aa   Code   RO         5777    .text               gui_getbitmappixelindex.o
    0x08008eec   0x00000012   Code   RO         5789    .text               gui_getclientrect.o
    0x08008efe   0x0000003c   Code   RO         5801    .text               gui_getcolor.o
    0x08008f3a   0x0000000c   Code   RO         5849    .text               gui_getfontsizey.o
    0x08008f46   0x00000016   Code   RO         5873    .text               gui_getstringdistx.o
    0x08008f5c   0x00000084   Code   RO         5897    .text               gui_gettextextend.o
    0x08008fe0   0x00000014   Code   RO         5935    .text               gui_getysizeoffont.o
    0x08008ff4   0x00000058   Code   RO         5947    .text               gui_goto.o
    0x0800904c   0x00000070   Code   RO         5971    .text               gui_invertrect.o
    0x080090bc   0x00000082   Code   RO         6007    .text               gui_mergerect.o
    0x0800913e   0x00000024   Code   RO         6047    .text               gui_moverect.o
    0x08009162   0x00000002   PAD
    0x08009164   0x00000090   Code   RO         6059    .text               gui_onkey.o
    0x080091f4   0x00000024   Code   RO         6082    .text               gui_pen.o
    0x08009218   0x00000048   Code   RO         6094    .text               gui_pid.o
    0x08009260   0x0000003a   Code   RO         6108    .text               gui_rectsintersect.o
    0x0800929a   0x00000002   PAD
    0x0800929c   0x00000024   Code   RO         6120    .text               gui_savecontext.o
    0x080092c0   0x00000010   Code   RO         6144    .text               gui_selectlcd.o
    0x080092d0   0x00000018   Code   RO         6156    .text               gui_setcolor.o
    0x080092e8   0x00000044   Code   RO         6192    .text               gui_setdefault.o
    0x0800932c   0x00000010   Code   RO         6204    .text               gui_setdrawmode.o
    0x0800933c   0x00000010   Code   RO         6216    .text               gui_setfont.o
    0x0800934c   0x00000010   Code   RO         6240    .text               gui_setlinestyle.o
    0x0800935c   0x00000014   Code   RO         6314    .text               gui_settextalign.o
    0x08009370   0x00000014   Code   RO         6326    .text               gui_settextmode.o
    0x08009384   0x0000003c   Code   RO         6388    .text               gui_touch.o
    0x080093c0   0x00000258   Code   RO         6402    .text               gui_touch_driveranalog.o
    0x08009618   0x00000030   Code   RO         6419    .text               gui_touch_storestate.o
    0x08009648   0x0000005c   Code   RO         6432    .text               gui_touch_storeunstable.o
    0x080096a4   0x000000d0   Code   RO         6446    .text               gui_uc.o
    0x08009774   0x00000030   Code   RO         6470    .text               gui_uc_encodenone.o
    0x080097a4   0x000007d8   Code   RO         6539    .text               gui2dlib.o
    0x08009f7c   0x00000446   Code   RO         6554    .text               guialloc.o
    0x0800a3c2   0x00000002   PAD
    0x0800a3c4   0x000000b8   Code   RO         6582    .text               guichar.o
    0x0800a47c   0x000001b8   Code   RO         6594    .text               guicharline.o
    0x0800a634   0x000001d8   Code   RO         6606    .text               guicharm.o
    0x0800a80c   0x00000180   Code   RO         6618    .text               guicharp.o
    0x0800a98c   0x00000464   Code   RO         6630    .text               guicirc.o
    0x0800adf0   0x00000114   Code   RO         6654    .text               guicore.o
    0x0800af04   0x000005fc   Code   RO         6675    .text               guicurs.o
    0x0800b500   0x00000050   Code   RO         6763    .text               guirealloc.o
    0x0800b550   0x00000018   Code   RO         6799    .text               guitime.o
    0x0800b568   0x000001fc   Code   RO         6811    .text               guitimer.o
    0x0800b764   0x00000468   Code   RO         6862    .text               lcd.o
    0x0800bbcc   0x0000005c   Code   RO         6932    .text               lcd_drawvline.o
    0x0800bc28   0x00000010   Code   RO         6944    .text               lcd_getcolorindex.o
    0x0800bc38   0x00000038   Code   RO         7004    .text               lcd_l0_generic.o
    0x0800bc70   0x00000024   Code   RO         7163    .text               lcd_selectlcd.o
    0x0800bc94   0x00000020   Code   RO         7187    .text               lcd_setcliprectex.o
    0x0800bcb4   0x00000024   Code   RO         7199    .text               lcd_updatecolorindices.o
    0x0800bcd8   0x00000054   Code   RO         7223    .text               lcdcolor.o
    0x0800bd2c   0x00000030   Code   RO         7266    .text               lcdinfo0.o
    0x0800bd5c   0x00000038   Code   RO         7349    .text               lcdpm565_index2color.o
    0x0800bd94   0x0000066c   Code   RO         8138    .text               lcddummy.o
    0x0800c400   0x000024bc   Code   RO         8175    .text               ili93xx.o
    0x0800e8bc   0x00000418   Code   RO         8207    .text               guidev.o
    0x0800ecd4   0x000008aa   Code   RO         8301    .text               guidev_16.o
    0x0800f57e   0x00000116   Code   RO         8369    .text               guidev_banding.o
    0x0800f694   0x00000040   Code   RO         8381    .text               guidev_clear.o
    0x0800f6d4   0x00000024   Code   RO         8453    .text               guidev_getysize.o
    0x0800f6f8   0x00000030   Code   RO         8479    .text               guidev_reduceysize.o
    0x0800f728   0x00000064   Code   RO         8491    .text               guidev_setorg.o
    0x0800f78c   0x00000068   Code   RO         8503    .text               guidev_usage.o
    0x0800f7f4   0x0000022c   Code   RO         8515    .text               guidev_usagebm.o
    0x0800fa20   0x00000030   Code   RO         8625    .text               gui_x.o
    0x0800fa50   0x00000002   Code   RO         8642    .text               c_w.l(use_no_semi_2.o)
    0x0800fa52   0x00000002   PAD
    0x0800fa54   0x00000018   Code   RO         8648    .text               c_w.l(noretval__2printf.o)
    0x0800fa6c   0x00000028   Code   RO         8650    .text               c_w.l(noretval__2sprintf.o)
    0x0800fa94   0x00000068   Code   RO         8652    .text               c_w.l(__printf.o)
    0x0800fafc   0x00000078   Code   RO         8654    .text               c_w.l(_printf_dec.o)
    0x0800fb74   0x00000058   Code   RO         8659    .text               c_w.l(_printf_hex_int.o)
    0x0800fbcc   0x00000058   Code   RO         8700    .text               c_w.l(memcmp.o)
    0x0800fc24   0x00000048   Code   RO         8702    .text               c_w.l(strcpy.o)
    0x0800fc6c   0x0000003e   Code   RO         8704    .text               c_w.l(strlen.o)
    0x0800fcaa   0x0000008a   Code   RO         8706    .text               c_w.l(rt_memcpy_v6.o)
    0x0800fd34   0x00000084   Code   RO         8708    .text               c_w.l(rt_memmove_v6.o)
    0x0800fdb8   0x00000064   Code   RO         8710    .text               c_w.l(rt_memcpy_w.o)
    0x0800fe1c   0x00000010   Code   RO         8712    .text               c_w.l(aeabi_memset.o)
    0x0800fe2c   0x0000004e   Code   RO         8714    .text               c_w.l(rt_memclr_w.o)
    0x0800fe7a   0x00000006   Code   RO         8718    .text               c_w.l(heapauxi.o)
    0x0800fe80   0x00000002   Code   RO         8816    .text               c_w.l(use_no_semi.o)
    0x0800fe82   0x000000b2   Code   RO         8821    .text               c_w.l(_printf_intcommon.o)
    0x0800ff34   0x00000030   Code   RO         8823    .text               c_w.l(_printf_char_common.o)
    0x0800ff64   0x0000000a   Code   RO         8825    .text               c_w.l(_sputc.o)
    0x0800ff6e   0x00000002   PAD
    0x0800ff70   0x00000024   Code   RO         8827    .text               c_w.l(_printf_char_file.o)
    0x0800ff94   0x0000007a   Code   RO         8830    .text               c_w.l(rt_memmove_w.o)
    0x0801000e   0x00000044   Code   RO         8832    .text               c_w.l(rt_memclr.o)
    0x08010052   0x00000008   Code   RO         8901    .text               c_w.l(ferror.o)
    0x0801005a   0x00000002   PAD
    0x0801005c   0x00000008   Code   RO         8913    .text               c_w.l(libspace.o)
    0x08010064   0x0000004a   Code   RO         8916    .text               c_w.l(sys_stackheap_outer.o)
    0x080100ae   0x00000012   Code   RO         8918    .text               c_w.l(exit.o)
    0x080100c0   0x000000dc   Code   RO         8188    i.LCD_SetCursor     ili93xx.o
    0x0801019c   0x000002b0   Code   RO         8731    x$fpl$ddiv          fz_ws.l(ddiv.o)
    0x0801044c   0x0000005a   Code   RO         8738    x$fpl$dfixu         fz_ws.l(dfixu.o)
    0x080104a6   0x0000002e   Code   RO         8743    x$fpl$dflt          fz_ws.l(dflt_clz.o)
    0x080104d4   0x0000009c   Code   RO         8836    x$fpl$dnaninf       fz_ws.l(dnaninf.o)
    0x08010570   0x0000000c   Code   RO         8838    x$fpl$dretinf       fz_ws.l(dretinf.o)
    0x0801057c   0x000000c4   Code   RO         8752    x$fpl$fadd          fz_ws.l(faddsub_clz.o)
    0x08010640   0x00000184   Code   RO         8759    x$fpl$fdiv          fz_ws.l(fdiv.o)
    0x080107c4   0x0000003e   Code   RO         8768    x$fpl$ffixu         fz_ws.l(ffixu.o)
    0x08010802   0x00000002   PAD
    0x08010804   0x00000026   Code   RO         8772    x$fpl$ffltu         fz_ws.l(fflt_clz.o)
    0x0801082a   0x00000002   PAD
    0x0801082c   0x00000102   Code   RO         8780    x$fpl$fmul          fz_ws.l(fmul.o)
    0x0801092e   0x0000008c   Code   RO         8846    x$fpl$fnaninf       fz_ws.l(fnaninf.o)
    0x080109ba   0x0000000a   Code   RO         8848    x$fpl$fretinf       fz_ws.l(fretinf.o)
    0x080109c4   0x00000014   Code   RO         8753    x$fpl$frsb          fz_ws.l(faddsub_clz.o)
    0x080109d8   0x000000ea   Code   RO         8754    x$fpl$fsub          fz_ws.l(faddsub_clz.o)
    0x08010ac2   0x00000000   Code   RO         8850    x$fpl$usenofp       fz_ws.l(usenofp.o)
    0x08010ac2   0x00000002   PAD
    0x08010ac4   0x000001c8   Data   RO          185    .constdata          framewindlg.o
    0x08010c8c   0x00000018   Data   RO         2864    .constdata          widget_effect_3d.o
    0x08010ca4   0x00000018   Data   RO         2883    .constdata          widget_effect_3d1l.o
    0x08010cbc   0x00000020   Data   RO         5093    .constdata          gui_cursorarrowm.o
    0x08010cdc   0x0000003c   Data   RO         5127    .constdata          gui_cursorarrowmpx.o
    0x08010d18   0x00000020   Data   RO         5328    .constdata          gui_cursorheaderm.o
    0x08010d38   0x00000055   Data   RO         5362    .constdata          gui_cursorheadermpx.o
    0x08010d8d   0x00000003   PAD
    0x08010d90   0x00000018   Data   RO         5375    .constdata          gui_cursorpal.o
    0x08010da8   0x00000010   Data   RO         6471    .constdata          gui_uc_encodenone.o
    0x08010db8   0x00000044   Data   RO         6540    .constdata          gui2dlib.o
    0x08010dfc   0x00000008   Data   RO         6656    .constdata          guicore.o
    0x08010e04   0x00000040   Data   RO         6874    .constdata          lcd_api.o
    0x08010e44   0x00000100   Data   RO         7016    .constdata          lcd_mirror.o
    0x08010f44   0x00000734   Data   RO         7424    .constdata          f6x8.o
    0x08011678   0x00000634   Data   RO         7437    .constdata          f08_1.o
    0x08011cac   0x0000061c   Data   RO         7451    .constdata          f08_ascii.o
    0x080122c8   0x00000cf4   Data   RO         7567    .constdata          f8x16.o
    0x08012fbc   0x00000868   Data   RO         7640    .constdata          f13_1.o
    0x08013824   0x00000820   Data   RO         7653    .constdata          f13_ascii.o
    0x08014044   0x00000a64   Data   RO         8176    .constdata          ili93xx.o
    0x08014aa8   0x00000060   Data   RO         8302    .constdata          guidev_16.o
    0x08014b08   0x00000018   Data   RO         8516    .constdata          guidev_usagebm.o
    0x08014b20   0x00000028   Data   RO         8660    .constdata          c_w.l(_printf_hex_int.o)
    0x08014b48   0x00000041   Data   RO          144    .conststring        ostk.o
    0x08014b89   0x00000003   PAD
    0x08014b8c   0x00000105   Data   RO          186    .conststring        framewindlg.o
    0x08014c91   0x00000003   PAD
    0x08014c94   0x00000020   Data   RO         9052    Region$$Table       anon$$obj.o


    Execution Region RW_IRAM1 (Base: 0x20000000, Size: 0x00007480, Max: 0x0000c000, ABSOLUTE, COMPRESSED[0x000000e0])

    Base Addr    Size         Type   Attr      Idx    E Section Name        Object

    0x20000000   0x00000071   Data   RW          145    .data               ostk.o
    0x20000071   0x00000003   PAD
    0x20000074   0x0000002c   Data   RW          187    .data               framewindlg.o
    0x200000a0   0x00000004   Data   RW          225    .data               delay.o
    0x200000a4   0x00000004   Data   RW          255    .data               usart.o
    0x200000a8   0x00000008   Data   RW          286    .data               touch.o
    0x200000b0   0x00000020   Data   RW          315    .data               button.o
    0x200000d0   0x00000004   Data   RW          700    .data               dialog.o
    0x200000d4   0x00000024   Data   RW          834    .data               edit.o
    0x200000f8   0x00000022   Data   RW         1012    .data               framewin.o
    0x2000011a   0x00000002   PAD
    0x2000011c   0x0000001c   Data   RW         1444    .data               header.o
    0x20000138   0x00000020   Data   RW         1783    .data               listview.o
    0x20000158   0x00000034   Data   RW         2093    .data               menu.o
    0x2000018c   0x00000008   Data   RW         2748    .data               text.o
    0x20000194   0x00000004   Data   RW         2849    .data               widget.o
    0x20000198   0x00000032   Data   RW         3027    .data               wm.o
    0x200001ca   0x00000004   Data   RW         3884    .data               wm_setcapturemove.o
    0x200001ce   0x00000002   PAD
    0x200001d0   0x00000010   Data   RW         4174    .data               wmtouch.o
    0x200001e0   0x00000004   Data   RW         5728    .data               gui_fillpolygon.o
    0x200001e4   0x00000014   Data   RW         6060    .data               gui_onkey.o
    0x200001f8   0x00000031   Data   RW         6403    .data               gui_touch_driveranalog.o
    0x20000229   0x00000003   PAD
    0x2000022c   0x00000008   Data   RW         6433    .data               gui_touch_storeunstable.o
    0x20000234   0x00000001   Data   RW         6556    .data               guialloc.o
    0x20000235   0x00000003   PAD
    0x20000238   0x0000001c   Data   RW         6657    .data               guicore.o
    0x20000254   0x00000030   Data   RW         6676    .data               guicurs.o
    0x20000284   0x00000004   Data   RW         6812    .data               guitimer.o
    0x20000288   0x00000004   Data   RW         6875    .data               lcd_api.o
    0x2000028c   0x00000006   Data   RW         8177    .data               ili93xx.o
    0x20000292   0x00000002   PAD
    0x20000294   0x00000004   Data   RW         8626    .data               gui_x.o
    0x20000298   0x00000578   Zero   RW          143    .bss                ostk.o
    0x20000810   0x00000024   Zero   RW         3026    .bss                wm.o
    0x20000834   0x00000018   Zero   RW         5727    .bss                gui_fillpolygon.o
    0x2000084c   0x0000000c   Zero   RW         6095    .bss                gui_pid.o
    0x20000858   0x0000000c   Zero   RW         6389    .bss                gui_touch.o
    0x20000864   0x0000000c   Zero   RW         6420    .bss                gui_touch_storestate.o
    0x20000870   0x00001750   Zero   RW         6555    .bss                guialloc.o
    0x20001fc0   0x00000060   Zero   RW         6655    .bss                guicore.o
    0x20002020   0x00000200   Zero   RW         7224    .bss                lcdcolor.o
    0x20002220   0x00000060   Zero   RW         8914    .bss                c_w.l(libspace.o)
    0x20002280   0x00000000   Zero   RW            2    HEAP                stm32f10x.o
    0x20002280   0x00005200   Zero   RW            1    STACK               stm32f10x.o


==============================================================================

Image component sizes


      Code (inc. data)   RO Data    RW Data    ZI Data      Debug   Object Name

       884          6          0         32          0       6392   button.o
        80          0          0          0          0        760   button_createindirect.o
       176          8          0          4          0        975   delay.o
       312          4          0          4          0       3306   dialog.o
         0          0          0          0          0        508   dropdown.o
      2676         22          0         36          0      12297   edit.o
        92          0          0          0          0        774   edit_createindirect.o
         0          0       1588          0          0       5800   f08_1.o
         0          0       1564          0          0        680   f08_ascii.o
         0          0       2152          0          0       6156   f13_1.o
         0          0       2080          0          0       6703   f13_ascii.o
         0          0       1844          0          0       2074   f6x8.o
         0          0       3316          0          0       2288   f8x16.o
      1948         22          0         34          0       8696   framewin.o
         0          0          0          0          0        989   framewin__updatebuttons.o
        78          0          0          0          0        774   framewin_createindirect.o
       124          4          0          0          0       2560   framewin_default.o
       172          0          0          0          0       2005   framewin_setcolors.o
       880         64        717         44          0      25482   framewindlg.o
      2008         18         68          0          0       8692   gui2dlib.o
       196          0          0          0          0       1344   gui__calctextrect.o
        20          4          0          0          0        444   gui__getfontsizey.o
        26          0          0          0          0        527   gui__getnumchars.o
        24          0          0          0          0        612   gui__handleeoline.o
        66          0          0          0          0        817   gui__intersectrect.o
       136          0          0          0          0       1062   gui__intersectrects.o
        86          0          0          0          0        762   gui__memset.o
        78          0          0          0          0        768   gui__memset16.o
        34          0          0          0          0        822   gui__reducerect.o
        80          0          0          0          0        707   gui__settext.o
        80          4          0          0          0        841   gui__strcmp.o
        22          0          0          0          0        506   gui__strlen.o
        64          0          0          0          0        730   gui_alloc_allocinit.o
        34          0          0          0          0        550   gui_alloc_alloczero.o
       420          0          0          0          0       3370   gui_array.o
        80          0          0          0          0       1155   gui_array_deleteitem.o
        90          0          0          0          0       1179   gui_array_resizeitem.o
        26          0          0          0          0        766   gui_clearrectex.o
         0          0         32          0          0      15544   gui_cursorarrowm.o
         0          0         60          0          0        520   gui_cursorarrowmpx.o
         0          0         32          0          0      15516   gui_cursorheaderm.o
         0          0         85          0          0        524   gui_cursorheadermpx.o
         0          0         24          0          0        556   gui_cursorpal.o
       324          4          0          0          0        933   gui_dispstring.o
        32          6          0          0          0        595   gui_dispstringat.o
       472          6          0          0          0       2237   gui_dispstringinrect.o
        94          0          0          0          0       1527   gui_draw.o
       196          4          0          0          0       1092   gui_drawfocusrect.o
        88          6          0          0          0        612   gui_drawhline.o
        84          6          0          0          0        612   gui_drawvline.o
        56          4          0          0          0        621   gui_exec.o
       828         14          0          4         24       4301   gui_fillpolygon.o
       100          6          0          0          0        671   gui_fillrect.o
        26          0          0          0          0        753   gui_fillrectex.o
       170          0          0          0          0       1118   gui_getbitmappixelindex.o
        18          0          0          0          0        876   gui_getclientrect.o
        60          0          0          0          0        956   gui_getcolor.o
        12          0          0          0          0        471   gui_getfontsizey.o
        22          0          0          0          0        533   gui_getstringdistx.o
       132          6          0          0          0       1068   gui_gettextextend.o
        20          0          0          0          0        676   gui_getysizeoffont.o
        88          6          0          0          0       1205   gui_goto.o
       112          4          0          0          0        697   gui_invertrect.o
       130          0          0          0          0        964   gui_mergerect.o
        36          0          0          0          0        787   gui_moverect.o
       144         12          0         20          0      17027   gui_onkey.o
        36          4          0          0          0        984   gui_pen.o
        72         12          0          0         12       1334   gui_pid.o
        58          0          0          0          0        921   gui_rectsintersect.o
        36          4          0          0          0        977   gui_savecontext.o
        16          0          0          0          0        436   gui_selectlcd.o
        24          0          0          0          0        642   gui_setcolor.o
        68          6          0          0          0        579   gui_setdefault.o
        16          0          0          0          0        526   gui_setdrawmode.o
        16          4          0          0          0        494   gui_setfont.o
        16          6          0          0          0        511   gui_setlinestyle.o
        20          4          0          0          0        503   gui_settextalign.o
        20          4          0          0          0        498   gui_settextmode.o
        60          4          0          0         12       1228   gui_touch.o
       600         42          0         49          0       3664   gui_touch_driveranalog.o
        48          6          0          0         12        595   gui_touch_storestate.o
        92          8          0          8          0       1072   gui_touch_storeunstable.o
       208          6          0          0          0       2088   gui_uc.o
        48         10         16          0          0       1656   gui_uc_encodenone.o
        48          6          0          4          0       1414   gui_x.o
      1094         16          0          1       5968       5596   guialloc.o
       184          8          0          0          0       1188   guichar.o
       440         12          0          0          0       2127   guicharline.o
       472          4          0          0          0       2093   guicharm.o
       384          4          0          0          0       2021   guicharp.o
      1124         12          0          0          0       3766   guicirc.o
       276         24          8         28         96       5372   guicore.o
      1532         90          0         48          0       6217   guicurs.o
      1048         16          0          0          0       5857   guidev.o
      2218         20         96          0          0      35968   guidev_16.o
       278          0          0          0          0       1874   guidev_banding.o
        64          6          0          0          0        999   guidev_clear.o
        36          4          0          0          0        922   guidev_getysize.o
        48          6          0          0          0        997   guidev_reduceysize.o
       100          4          0          0          0       1092   guidev_setorg.o
       104          4          0          0          0       1449   guidev_usage.o
       556          4         24          0          0       3446   guidev_usagebm.o
        80          0          0          0          0        776   guirealloc.o
        24          0          0          0          0        596   guitime.o
       508         12          0          4          0       4092   guitimer.o
      2140         60          0         28          0      12686   header.o
      9624        164       2660          6          0      13713   ili93xx.o
      1128         12          0          0          0       4652   lcd.o
         0          0         64          4          0        590   lcd_api.o
        92          4          0          0          0        600   lcd_drawvline.o
        16          4          0          0          0        572   lcd_getcolorindex.o
        56          0          0          0          0       1107   lcd_l0_generic.o
         0          0        256          0          0        502   lcd_mirror.o
        36         10          0          0          0        440   lcd_selectlcd.o
        32          4          0          0          0        804   lcd_setcliprectex.o
        36          4          0          0          0        465   lcd_updatecolorindices.o
        84          4          0          0        512       1658   lcdcolor.o
      1644          8          0          0          0       6970   lcddummy.o
        48          0          0          0          0       1381   lcdinfo0.o
        32          0          0          0          0        761   lcdpm565.o
        56          0          0          0          0        603   lcdpm565_index2color.o
       112         12          0          0          0        411   led.o
      2460          8          0         32          0      10658   listview.o
         0          0          0          0          0       1092   listview_default.o
       240          0          0          0          0       1641   listview_deleterow.o
        32          0          0          0          0        941   listview_getnumcolumns.o
        32          0          0          0          0        922   listview_getnumrows.o
        26          0          0          0          0        874   listview_getsel.o
       108          0          0          0          0       1235   listview_setitemtext.o
       110          0          0          0          0       1026   listview_setsel.o
      3916         26          0         52          0      17889   menu.o
        72          0          0          0          0        750   menu_createindirect.o
       560         22          0          0          0       1803   messagebox.o
       660         64         65        113       1400       5422   ostk.o
        52         18        236          0      20992        756   stm32f10x.o
       734         48          0          0          0       2723   sys.o
        80          6          0          0          0      19982   test.o
       352         14          0          8          0       3093   text.o
        78          0          0          0          0        762   text_createindirect.o
        30          0          0          0          0        992   text_settextalign.o
        28          0          0          0          0        908   text_settextcolor.o
       272         14          0          0          0        883   timer.o
       860         32          0          8          0       3164   touch.o
       228         16          0          4          0       2722   usart.o
      1168          4          0          4          0       7953   widget.o
       428         18         24          0          0       3740   widget_effect_3d.o
       272         12         24          0          0       3694   widget_effect_3d1l.o
       288          6          0          0          0       1399   widget_fillstringinrect.o
        30          0          0          0          0        563   widget_seteffect.o
      4228        182          0         50         36      19466   wm.o
        60          0          0          0          0        950   wm__foreachdesc.o
        30          0          0          0          0        554   wm__getfirstsibling.o
        36          6          0          0          0        547   wm__getfocussedchild.o
        54          0          0          0          0        853   wm__getprevsibling.o
        78          0          0          0          0       1214   wm__isancestor.o
        40          0          0          0          0        882   wm__ischild.o
        26          0          0          0          0        520   wm__isenabled.o
        36          0          0          0          0        890   wm__sendmessage.o
        24          0          0          0          0        567   wm__sendmessageifenabled.o
        40          0          0          0          0        960   wm__sendmessagenopara.o
       390          0          0          0          0       1567   wm__updatechildpositions.o
       174          0          0          0          0       1596   wm_attachwindow.o
        72          0          0          0          0       1007   wm_bringtobottom.o
       136          6          0          0          0       1532   wm_bringtotop.o
       118          0          0          0          0       1463   wm_checkscrollpos.o
        80          4          0          0          0        873   wm_criticalhandle.o
        20          0          0          0          0        845   wm_foreachdesc.o
        28          0          0          0          0        556   wm_getbkcolor.o
        72          8          0          0          0       1062   wm_getclientrect.o
        26          0          0          0          0        545   wm_getclientwindow.o
        12          4          0          0          0        446   wm_getdesktopwindow.o
        98          0          0          0          0       1247   wm_getdialogitem.o
        20          0          0          0          0        511   wm_getfirstchild.o
        20          0          0          0          0        522   wm_getflags.o
        20          0          0          0          0        499   wm_getid.o
        44          4          0          0          0        994   wm_getinsiderect.o
       190          0          0          0          0       1186   wm_getinsiderectexscrollbar.o
        76          4          0          0          0       1002   wm_getorg.o
        20          0          0          0          0        495   wm_getparent.o
        28          0          0          0          0        700   wm_getscrollbar.o
        22          0          0          0          0        824   wm_getscrollstate.o
        88          8          0          0          0       1234   wm_getwindowrect.o
       112          0          0          0          0       1652   wm_getwindowsize.o
        24          4          0          0          0        505   wm_hascaptured.o
        32          0          0          0          0        562   wm_isfocussable.o
        16          0          0          0          0        502   wm_iswindow.o
       256          0          0          0          0       2008   wm_move.o
        80          0          0          0          0       1001   wm_movechildto.o
        22          0          0          0          0        554   wm_notifyparent.o
        56          6          0          0          0        623   wm_onkey.o
        66          0          0          0          0        895   wm_paint.o
        16          6          0          0          0        791   wm_pid__getprevstate.o
       234          0          0          0          0       1166   wm_resizewindow.o
       204          6          0          0          0       1949   wm_screen2win.o
        16          0          0          0          0        551   wm_sendmessagenopara.o
        32          0          0          0          0        594   wm_sendtoparent.o
        80          8          0          0          0        826   wm_setcapture.o
       152          4          0          4          0       1232   wm_setcapturemove.o
        16          6          0          0          0        512   wm_setcreateflags.o
        84         10          0          0          0       1042   wm_setdesktopcolor.o
       168          4          0          0          0        686   wm_setfocus.o
       144          0          0          0          0       1525   wm_setfocusonnextchild.o
        28          0          0          0          0        840   wm_setscrollstate.o
        66          0          0          0          0        977   wm_setsize.o
       128          6          0          0          0       1283   wm_settrans.o
        24          6          0          0          0        813   wm_setusercliprect.o
        88          0          0          0          0       1145   wm_show.o
        22          0          0          0          0        828   wm_timer.o
        48          6          0          0          0        808   wm_validatewindow.o
        58          0          0          0          0       1047   wmmemdev.o
       548         20          0         16          0       4244   wmtouch.o

    ----------------------------------------------------------------------
     63828       1524      17076        664      29064     519207   Object Totals
         0          0         32          0          0          0   (incl. Generated)
        42          0          9         15          0          0   (incl. Padding)

    ----------------------------------------------------------------------

      Code (inc. data)   RO Data    RW Data    ZI Data      Debug   Library Member Name

        90          0          0          0          0          0   __dczerorl2.o
         8          0          0          0          0         68   __main.o
       104          0          0          0          0         84   __printf.o
         0          0          0          0          0          0   __rtentry.o
        12          0          0          0          0          0   __rtentry2.o
         6          0          0          0          0          0   __rtentry4.o
        52          8          0          0          0          0   __scatter.o
        28          0          0          0          0          0   __scatter_zi.o
        48          6          0          0          0         96   _printf_char_common.o
        36          4          0          0          0         80   _printf_char_file.o
         6          0          0          0          0          0   _printf_d.o
       120         16          0          0          0         92   _printf_dec.o
        88          4         40          0          0         88   _printf_hex_int.o
       178          0          0          0          0         88   _printf_intcommon.o
         0          0          0          0          0          0   _printf_percent.o
         4          0          0          0          0          0   _printf_percent_end.o
         6          0          0          0          0          0   _printf_x.o
        10          0          0          0          0         68   _sputc.o
        16          0          0          0          0         68   aeabi_memset.o
        18          0          0          0          0         80   exit.o
         8          0          0          0          0         68   ferror.o
         6          0          0          0          0        152   heapauxi.o
         2          0          0          0          0          0   libinit.o
         2          0          0          0          0          0   libinit2.o
         2          0          0          0          0          0   libshutdown.o
         2          0          0          0          0          0   libshutdown2.o
         8          4          0          0         96         68   libspace.o
        88          0          0          0          0         76   memcmp.o
        24          4          0          0          0         84   noretval__2printf.o
        40          6          0          0          0         84   noretval__2sprintf.o
        68          0          0          0          0         68   rt_memclr.o
        78          0          0          0          0         80   rt_memclr_w.o
       138          0          0          0          0         68   rt_memcpy_v6.o
       100          0          0          0          0         80   rt_memcpy_w.o
       132          0          0          0          0         68   rt_memmove_v6.o
       122          0          0          0          0         80   rt_memmove_w.o
         2          0          0          0          0          0   rtexit.o
        10          0          0          0          0          0   rtexit2.o
        72          0          0          0          0         80   strcpy.o
        62          0          0          0          0         76   strlen.o
        74          0          0          0          0         80   sys_stackheap_outer.o
         2          0          0          0          0         68   use_no_semi.o
         2          0          0          0          0         68   use_no_semi_2.o
       688        140          0          0          0        208   ddiv.o
        90          4          0          0          0         92   dfixu.o
        46          0          0          0          0         68   dflt_clz.o
       156          4          0          0          0         92   dnaninf.o
        12          0          0          0          0         68   dretinf.o
       450          8          0          0          0        236   faddsub_clz.o
       388         76          0          0          0         96   fdiv.o
        62          4          0          0          0         84   ffixu.o
        38          0          0          0          0         68   fflt_clz.o
       258          4          0          0          0         84   fmul.o
       140          4          0          0          0         84   fnaninf.o
        10          0          0          0          0         68   fretinf.o
         0          0          0          0          0          0   usenofp.o

    ----------------------------------------------------------------------
      4228        296         40          0         96       3408   Library Totals
        16          0          0          0          0          0   (incl. Padding)

    ----------------------------------------------------------------------

      Code (inc. data)   RO Data    RW Data    ZI Data      Debug   Library Name

      1874         52         40          0         96       2160   c_w.l
      2338        244          0          0          0       1248   fz_ws.l

    ----------------------------------------------------------------------
      4228        296         40          0         96       3408   Library Totals

    ----------------------------------------------------------------------

==============================================================================


      Code (inc. data)   RO Data    RW Data    ZI Data      Debug   

     68056       1820      17116        664      29160     508519   Grand Totals
     68056       1820      17116        224      29160     508519   ELF Image Totals (compressed)
     68056       1820      17116        224          0          0   ROM Totals

==============================================================================

    Total RO  Size (Code + RO Data)                85172 (  83.18kB)
    Total RW  Size (RW Data + ZI Data)             29824 (  29.13kB)
    Total ROM Size (Code + RO Data + RW Data)      85396 (  83.39kB)

==============================================================================

